make[1]: Entering directory '/workspaces/KaiKernel_sdm_845/out'
  GEN     ./Makefile
scripts/kconfig/conf  --silentoldconfig Kconfig
  CHK     include/config/kernel.release
  GEN     ./Makefile
  CHK     include/generated/uapi/linux/version.h
  CHK     include/generated/utsrelease.h
  Using .. as source for kernel
  CHK     scripts/mod/devicetable-offsets.h
  CHK     include/generated/timeconst.h
  CHK     include/generated/bounds.h
-- KernelSU version: 11872
-- KernelSU Manager signature size: 0x033b
-- KernelSU Manager signature hash: c371061b19d8c7d7d6133c6a9bafe198fa944e50c1b31c9d8daa8d7f1fc2d2d6
-- Did you know you can backport path_umount to fs/namespace.c from 5.9?
-- Read: https://kernelsu.org/guide/how-to-integrate-for-non-gki.html#how-to-backport-path-umount
  CHK     include/generated/asm-offsets.h
  CALL    ../scripts/checksyscalls.sh
  CHK     include/generated/compile.h
  CHK     kernel/config_data.h
  IHEX    firmware/novatek_nt36672_e10_hw01.fw
  IHEX    firmware/novatek_nt36672_e10_hw02.fw
  AS      firmware/novatek_nt36672_e10_hw01.fw.gen.o
  AS      firmware/novatek_nt36672_e10_hw02.fw.gen.o
  LD      firmware/built-in.o
  CC      drivers/clk/qcom/gpucc-sdm845.o
  LD      drivers/clk/qcom/built-in.o
  LD      drivers/clk/built-in.o
  CC      drivers/gpu/msm/adreno_a6xx_preempt.o
../drivers/gpu/msm/adreno_a6xx_preempt.c:548:19: error: no member named 'scratch' in 'struct adreno_preemption'
                uint64_t dest = PREEMPT_SCRATCH_ADDR(adreno_dev, rb->id);
                                ^~~~~~~~~~~~~~~~~~~~~~~~~~~~~~~~~~~~~~~~
../drivers/gpu/msm/adreno.h:259:18: note: expanded from macro 'PREEMPT_SCRATCH_ADDR'
        ((dev)->preempt.scratch.gpuaddr + (id * sizeof(u64)))
         ~~~~~~~~~~~~~~ ^
../drivers/gpu/msm/adreno_a6xx_preempt.c:581:19: error: no member named 'scratch' in 'struct adreno_preemption'
                uint64_t dest = PREEMPT_SCRATCH_ADDR(adreno_dev, rb->id);
                                ^~~~~~~~~~~~~~~~~~~~~~~~~~~~~~~~~~~~~~~~
../drivers/gpu/msm/adreno.h:259:18: note: expanded from macro 'PREEMPT_SCRATCH_ADDR'
        ((dev)->preempt.scratch.gpuaddr + (id * sizeof(u64)))
         ~~~~~~~~~~~~~~ ^
2 errors generated.
make[4]: *** [../scripts/Makefile.build:342: drivers/gpu/msm/adreno_a6xx_preempt.o] Error 1
make[3]: *** [../scripts/Makefile.build:656: drivers/gpu/msm] Error 2
make[3]: *** Waiting for unfinished jobs....
make[2]: *** [../scripts/Makefile.build:656: drivers/gpu] Error 2
make[1]: *** [/workspaces/KaiKernel_sdm_845/Makefile:1204: drivers] Error 2
make[1]: *** Waiting for unfinished jobs....
make[1]: Leaving directory '/workspaces/KaiKernel_sdm_845/out'
make: *** [Makefile:152: sub-make] Error 2
make[1]: Entering directory '/workspaces/KaiKernel_sdm_845/out'
  GEN     ./Makefile
scripts/kconfig/conf  --silentoldconfig Kconfig
  CHK     include/config/kernel.release
  GEN     ./Makefile
  CHK     include/generated/uapi/linux/version.h
  CHK     include/generated/utsrelease.h
  Using .. as source for kernel
  CHK     scripts/mod/devicetable-offsets.h
-- KernelSU version: 11872
-- KernelSU Manager signature size: 0x033b
-- KernelSU Manager signature hash: c371061b19d8c7d7d6133c6a9bafe198fa944e50c1b31c9d8daa8d7f1fc2d2d6
-- Did you know you can backport path_umount to fs/namespace.c from 5.9?
-- Read: https://kernelsu.org/guide/how-to-integrate-for-non-gki.html#how-to-backport-path-umount
  CHK     include/generated/timeconst.h
  CHK     include/generated/bounds.h
  CHK     include/generated/asm-offsets.h
  CALL    ../scripts/checksyscalls.sh
  CHK     include/generated/compile.h
  CHK     kernel/config_data.h
  IHEX    firmware/novatek_nt36672_e10_hw01.fw
  IHEX    firmware/novatek_nt36672_e10_hw02.fw
  AS      firmware/novatek_nt36672_e10_hw01.fw.gen.o
  AS      firmware/novatek_nt36672_e10_hw02.fw.gen.o
  LD      firmware/built-in.o
  CC      drivers/clk/qcom/gpucc-sdm845.o
  LD      drivers/clk/qcom/built-in.o
  LD      drivers/clk/built-in.o
  CC      drivers/gpu/msm/kgsl_snapshot.o
  DTC     arch/arm64/boot/dts/qcom/sdm845-v2-rumi.dtb
  DTC     arch/arm64/boot/dts/qcom/sdm845-v2-mtp.dtb
  CC      drivers/gpu/msm/kgsl_gmu.o
  CC      drivers/gpu/msm/kgsl_hfi.o
  CC      drivers/gpu/msm/kgsl_iommu.o
  DTC     arch/arm64/boot/dts/qcom/sdm845-v2-cdp.dtb
  DTC     arch/arm64/boot/dts/qcom/sdm845-v2-qrd.dtb
  CC      drivers/gpu/msm/adreno_ioctl.o
  CC      drivers/gpu/msm/adreno_ringbuffer.o
  DTC     arch/arm64/boot/dts/qcom/beryllium-p0-v2.dtb
  DTC     arch/arm64/boot/dts/qcom/beryllium-p0-v2.1.dtb
  CC      drivers/gpu/msm/adreno_drawctxt.o
  DTC     arch/arm64/boot/dts/qcom/beryllium-p1-v2.1.dtb
  CC      drivers/gpu/msm/adreno_dispatch.o
  DTC     arch/arm64/boot/dts/qcom/beryllium-p2-v2.1.dtb
  CC      drivers/gpu/msm/adreno_snapshot.o
  DTC     arch/arm64/boot/dts/qcom/beryllium-mp-v2.1.dtb
  CC      drivers/gpu/msm/adreno_coresight.o
  CC      drivers/gpu/msm/adreno_trace.o
  CC      drivers/gpu/msm/adreno_a6xx.o
  CC      drivers/gpu/msm/adreno_a6xx_snapshot.o
  CC      drivers/gpu/msm/adreno_a6xx_preempt.o
  CC      drivers/irqchip/irqchip.o
  CC      drivers/irqchip/irq-gic.o
  CC      drivers/gpu/msm/adreno_sysfs.o
  CC      drivers/irqchip/irq-gic-common.o
  CC      drivers/gpu/msm/adreno.o
  CC      drivers/irqchip/irq-gic-v2m.o
  CC      drivers/gpu/msm/adreno_cp_parser.o
  CC      drivers/irqchip/irq-gic-v3.o
  CC      drivers/irqchip/irq-gic-v3-its.o
  CC      drivers/gpu/msm/adreno_perfcounter.o
  CC      drivers/irqchip/irq-gic-v3-its-pci-msi.o
  CC      drivers/irqchip/irq-gic-v3-its-platform-msi.o
  CC      drivers/irqchip/irq-partition-percpu.o
  CC      drivers/gpu/msm/adreno_iommu.o
  CC      drivers/irqchip/msm_show_resume_irq.o
  CC      drivers/irqchip/qcom/pdc.o
  CC      drivers/gpu/msm/adreno_debugfs.o
  CC      drivers/gpu/msm/adreno_profile.o
  CC      drivers/gpu/msm/adreno_compat.o
  LD      drivers/gpu/msm/msm_kgsl_core.o
  CC      drivers/irqchip/qcom/pdc-sdm845.o
-- KernelSU version: 11872
-- KernelSU Manager signature size: 0x033b
-- KernelSU Manager signature hash: c371061b19d8c7d7d6133c6a9bafe198fa944e50c1b31c9d8daa8d7f1fc2d2d6
-- Did you know you can backport path_umount to fs/namespace.c from 5.9?
-- Read: https://kernelsu.org/guide/how-to-integrate-for-non-gki.html#how-to-backport-path-umount
  CC      drivers/kernelsu/ksu.o
  CC      drivers/kernelsu/allowlist.o
  LD      drivers/irqchip/qcom/built-in.o
  LD      drivers/gpu/msm/msm_adreno.o
  LD      drivers/irqchip/built-in.o
  LD      drivers/gpu/msm/built-in.o
  LD      drivers/gpu/built-in.o
  CC      drivers/leds/led-core.o
  CC      drivers/kernelsu/apk_sign.o
  LD      drivers/lguest/built-in.o
  LD      drivers/macintosh/built-in.o
  CC      drivers/mailbox/mailbox.o
  CC      drivers/leds/led-class.o
  CC      drivers/kernelsu/sucompat.o
  CC      drivers/kernelsu/throne_tracker.o
  CC      drivers/mailbox/qcom-rpmh-mailbox.o
  CC      drivers/leds/led-triggers.o
  CC      drivers/kernelsu/core_hook.o
  CC      drivers/kernelsu/ksud.o
  CC      drivers/mailbox/msm_qmp.o
  CC      drivers/leds/leds-lm3644.o
  LD      drivers/mailbox/built-in.o
  CC      drivers/kernelsu/embed_ksud.o
  CC      drivers/kernelsu/kernel_compat.o
  CC      drivers/kernelsu/selinux/selinux.o
  CC      drivers/md/dm-uevent.o
  CC      drivers/leds/leds-qpnp.o
  CC      drivers/kernelsu/selinux/sepolicy.o
  CC      drivers/kernelsu/selinux/rules.o
  CC      drivers/md/dm.o
  CC      drivers/md/dm-table.o
  CC      drivers/md/dm-target.o
  CC      drivers/leds/leds-qpnp-flash-v2.o
  CC      drivers/md/dm-linear.o
  CC      drivers/md/dm-stripe.o
  CC      drivers/leds/leds-qpnp-flash-common.o
  LD      drivers/kernelsu/kernelsu.o
  LD      drivers/kernelsu/built-in.o
  CC      drivers/leds/leds-qpnp-wled.o
  CC      drivers/md/dm-ioctl.o
  CC      drivers/md/dm-io.o
  LD      drivers/media/common/b2c2/built-in.o
  LD      drivers/media/common/saa7146/built-in.o
  LD      drivers/media/common/siano/built-in.o
  LD      drivers/media/common/v4l2-tpg/built-in.o
  LD      drivers/media/common/built-in.o
  LD      drivers/media/firewire/built-in.o
  LD      drivers/media/i2c/soc_camera/built-in.o
  LD      drivers/media/i2c/built-in.o
  LD      drivers/media/mmc/siano/built-in.o
  LD      drivers/media/mmc/built-in.o
  LD      drivers/media/pci/b2c2/built-in.o
  LD      drivers/media/pci/ddbridge/built-in.o
  LD      drivers/media/pci/dm1105/built-in.o
  LD      drivers/media/pci/mantis/built-in.o
  LD      drivers/media/pci/netup_unidvb/built-in.o
  LD      drivers/media/pci/ngene/built-in.o
  CC      drivers/leds/leds-qpnp-haptics.o
  LD      drivers/media/pci/pluto2/built-in.o
  CC      drivers/md/dm-kcopyd.o
  LD      drivers/media/pci/pt1/built-in.o
  LD      drivers/media/pci/pt3/built-in.o
  LD      drivers/media/pci/saa7146/built-in.o
  LD      drivers/leds/trigger/built-in.o
  LD      drivers/media/pci/smipcie/built-in.o
  LD      drivers/media/pci/ttpci/built-in.o
  LD      drivers/media/pci/built-in.o
  CC      drivers/md/dm-sysfs.o
  LD      drivers/media/platform/msm/adsp_shmem/built-in.o
  LD      drivers/media/platform/msm/broadcast/built-in.o
  CC      drivers/media/platform/msm/camera/cam_cdm/cam_cdm_soc.o
  CC      drivers/media/platform/msm/camera/cam_core/cam_context.o
  LD      drivers/leds/built-in.o
  CC      drivers/media/platform/msm/camera/cam_core/cam_context_utils.o
  CC      drivers/media/platform/msm/camera/cam_cdm/cam_cdm_util.o
  CC      drivers/md/dm-stats.o
  CC      drivers/md/dm-rq.o
  CC      drivers/media/platform/msm/camera/cam_core/cam_node.o
  CC      drivers/media/platform/msm/camera/cam_cdm/cam_cdm_intf.o
  CC      drivers/md/dm-builtin.o
  CC      drivers/media/platform/msm/camera/cam_core/cam_subdev.o
  CC      drivers/md/dm-bufio.o
  CC      drivers/media/platform/msm/camera/cam_cdm/cam_cdm_core_common.o
  LD      drivers/media/platform/msm/camera/cam_core/built-in.o
  CC      drivers/media/platform/msm/camera/cam_cpas/camss_top/cam_camsstop_hw.o
  CC      drivers/md/dm-crypt.o
  LD      drivers/media/platform/msm/camera/cam_cpas/camss_top/built-in.o
  CC      drivers/media/platform/msm/camera/cam_cdm/cam_cdm_virtual_core.o
  CC      drivers/media/platform/msm/camera/cam_cpas/cpas_top/cam_cpastop_hw.o
  CC      drivers/md/dm-verity-fec.o
  CC      drivers/media/platform/msm/camera/cam_cdm/cam_cdm_hw_core.o
  LD      drivers/media/platform/msm/camera/cam_cpas/cpas_top/built-in.o
  CC      drivers/media/platform/msm/camera/cam_cpas/cam_cpas_soc.o
  CC      drivers/md/dm-verity-target.o
  CC      drivers/md/dm-req-crypt.o
  LD      drivers/media/platform/msm/camera/cam_cdm/built-in.o
  CC      drivers/media/platform/msm/camera/cam_cpas/cam_cpas_intf.o
  CC      drivers/media/platform/msm/sde/rotator/sde_rotator_dev.o
  CC      drivers/media/platform/msm/sde/rotator/sde_rotator_core.o
  CC      drivers/media/platform/msm/camera/cam_cpas/cam_cpas_hw.o
  LD      drivers/md/dm-mod.o
  LD      drivers/md/dm-verity.o
  LD      drivers/md/built-in.o
  CC      drivers/mfd/mfd-core.o
  LD      drivers/media/platform/msm/camera/cam_cpas/built-in.o
  CC      drivers/mfd/qcom-i2c-pmic.o
  CC      drivers/media/platform/msm/camera/cam_fd/fd_hw_mgr/fd_hw/cam_fd_hw_dev.o
  CC      drivers/media/platform/msm/camera/cam_fd/fd_hw_mgr/cam_fd_hw_mgr.o
  CC      drivers/media/platform/msm/sde/rotator/sde_rotator_base.o
  CC      drivers/media/platform/msm/camera/cam_fd/fd_hw_mgr/fd_hw/cam_fd_hw_core.o
  CC      drivers/mfd/qcom-spmi-pmic.o
  CC      drivers/mfd/syscon.o
  CC      drivers/media/platform/msm/sde/rotator/sde_rotator_formats.o
  CC      drivers/media/platform/msm/camera/cam_fd/fd_hw_mgr/fd_hw/cam_fd_hw_soc.o
  CC      drivers/mfd/spk-id.o
  CC      drivers/media/platform/msm/camera/cam_fd/cam_fd_dev.o
  CC      drivers/media/platform/msm/sde/rotator/sde_rotator_util.o
  LD      drivers/media/platform/msm/camera/cam_fd/fd_hw_mgr/fd_hw/built-in.o
  LD      drivers/media/platform/msm/camera/cam_fd/fd_hw_mgr/built-in.o
  CC      drivers/media/platform/msm/camera/cam_fd/cam_fd_context.o
  CC      drivers/media/platform/msm/sde/rotator/sde_rotator_io_util.o
  LD      drivers/media/platform/msm/camera/cam_fd/built-in.o
  LD      drivers/mfd/built-in.o
  CC      drivers/media/platform/msm/camera/cam_icp/cam_icp_subdev.o
  CC      drivers/media/platform/msm/camera/cam_icp/icp_hw/a5_hw/a5_dev.o
  CC      drivers/media/platform/msm/sde/rotator/sde_rotator_smmu.o
  CC      drivers/media/platform/msm/sde/rotator/sde_rotator_r1_wb.o
  CC      drivers/media/platform/msm/camera/cam_icp/cam_icp_context.o
  CC      drivers/media/platform/msm/sde/rotator/sde_rotator_r1_pipe.o
  CC      drivers/media/platform/msm/camera/cam_icp/icp_hw/a5_hw/a5_core.o
  CC      drivers/media/platform/msm/sde/rotator/sde_rotator_r1_ctl.o
  CC      drivers/media/platform/msm/camera/cam_icp/hfi.o
  CC      drivers/media/platform/msm/camera/cam_icp/icp_hw/a5_hw/a5_soc.o
  CC      drivers/media/platform/msm/sde/rotator/sde_rotator_r1.o
  CC      drivers/media/platform/msm/sde/rotator/sde_rotator_r3.o
  CC      drivers/media/platform/msm/sde/rotator/sde_rotator_sync.o
  LD      drivers/media/platform/msm/camera/cam_icp/icp_hw/a5_hw/built-in.o
  CC      drivers/media/platform/msm/camera/cam_icp/icp_hw/bps_hw/bps_dev.o
  CC      drivers/media/platform/msm/camera/cam_icp/icp_hw/bps_hw/bps_core.o
  CC      drivers/media/platform/msm/camera/cam_icp/icp_hw/icp_hw_mgr/cam_icp_hw_mgr.o
  CC      drivers/media/platform/msm/camera/cam_icp/icp_hw/bps_hw/bps_soc.o
  CC      drivers/media/platform/msm/camera/cam_icp/icp_hw/ipe_hw/ipe_dev.o
  CC      drivers/media/platform/msm/sde/rotator/sde_rotator_debug.o
  LD      drivers/media/platform/msm/camera/cam_icp/icp_hw/bps_hw/built-in.o
  CC      drivers/media/platform/msm/sde/rotator/sde_rotator_r1_debug.o
  CC      drivers/media/platform/msm/sde/rotator/sde_rotator_r3_debug.o
  CC      drivers/media/platform/msm/camera/cam_icp/icp_hw/ipe_hw/ipe_core.o
  CC      drivers/media/platform/msm/camera/cam_icp/icp_hw/ipe_hw/ipe_soc.o
  LD      drivers/media/platform/msm/camera/cam_icp/icp_hw/icp_hw_mgr/built-in.o
  CC      drivers/media/platform/msm/camera/cam_isp/isp_hw_mgr/hw_utils/cam_tasklet_util.o
  LD      drivers/media/platform/msm/sde/rotator/built-in.o
  LD      drivers/media/platform/msm/sde/built-in.o
  CC      drivers/media/platform/msm/camera/cam_isp/cam_isp_dev.o
  CC      drivers/media/platform/msm/camera/cam_isp/isp_hw_mgr/isp_hw/ife_csid_hw/cam_ife_csid_dev.o
  LD      drivers/media/platform/msm/camera/cam_icp/icp_hw/ipe_hw/built-in.o
  LD      drivers/media/platform/msm/camera/cam_icp/icp_hw/built-in.o
  LD      drivers/media/platform/msm/camera/cam_icp/built-in.o
  CC      drivers/media/platform/msm/camera/cam_isp/isp_hw_mgr/hw_utils/cam_isp_packet_parser.o
  CC      drivers/media/platform/msm/camera/cam_jpeg/jpeg_hw/jpeg_dma_hw/jpeg_dma_dev.o
  CC      drivers/media/platform/msm/camera/cam_isp/isp_hw_mgr/isp_hw/ife_csid_hw/cam_ife_csid_soc.o
  CC      drivers/media/platform/msm/camera/cam_jpeg/jpeg_hw/jpeg_enc_hw/jpeg_enc_dev.o
  CC      drivers/media/platform/msm/camera/cam_isp/isp_hw_mgr/hw_utils/irq_controller/cam_irq_controller.o
  CC      drivers/media/platform/msm/camera/cam_isp/isp_hw_mgr/isp_hw/ife_csid_hw/cam_ife_csid_core.o
  CC      drivers/media/platform/msm/camera/cam_jpeg/jpeg_hw/jpeg_enc_hw/jpeg_enc_core.o
  CC      drivers/media/platform/msm/camera/cam_jpeg/jpeg_hw/jpeg_dma_hw/jpeg_dma_core.o
  LD      drivers/media/platform/msm/camera/cam_isp/isp_hw_mgr/hw_utils/irq_controller/built-in.o
  LD      drivers/media/platform/msm/camera/cam_isp/isp_hw_mgr/hw_utils/built-in.o
  CC      drivers/media/platform/msm/camera/cam_isp/isp_hw_mgr/cam_isp_hw_mgr.o
  CC      drivers/media/platform/msm/camera/cam_jpeg/jpeg_hw/jpeg_enc_hw/jpeg_enc_soc.o
  CC      drivers/media/platform/msm/camera/cam_jpeg/jpeg_hw/jpeg_dma_hw/jpeg_dma_soc.o
  CC      drivers/media/platform/msm/camera/cam_isp/isp_hw_mgr/cam_ife_hw_mgr.o
  CC      drivers/media/platform/msm/camera/cam_isp/isp_hw_mgr/isp_hw/ife_csid_hw/cam_ife_csid170.o
  LD      drivers/media/platform/msm/camera/cam_jpeg/jpeg_hw/jpeg_enc_hw/built-in.o
  CC      drivers/media/platform/msm/camera/cam_jpeg/jpeg_hw/cam_jpeg_hw_mgr.o
  LD      drivers/media/platform/msm/camera/cam_jpeg/jpeg_hw/jpeg_dma_hw/built-in.o
  CC      drivers/media/platform/msm/camera/cam_isp/isp_hw_mgr/isp_hw/ife_csid_hw/cam_ife_csid_lite170.o
  CC      drivers/media/platform/msm/camera/cam_isp/cam_isp_context.o
  LD      drivers/media/platform/msm/camera/cam_isp/isp_hw_mgr/isp_hw/ife_csid_hw/built-in.o
  CC      drivers/media/platform/msm/camera/cam_isp/isp_hw_mgr/isp_hw/vfe_hw/cam_vfe_soc.o
  LD      drivers/media/platform/msm/camera/cam_jpeg/jpeg_hw/built-in.o
  CC      drivers/media/platform/msm/camera/cam_jpeg/cam_jpeg_dev.o
  CC      drivers/media/platform/msm/camera/cam_isp/isp_hw_mgr/isp_hw/vfe_hw/cam_vfe_dev.o
  CC      drivers/media/platform/msm/camera/cam_isp/isp_hw_mgr/isp_hw/vfe_hw/cam_vfe_core.o
  CC      drivers/media/platform/msm/camera/cam_jpeg/cam_jpeg_context.o
  CC      drivers/media/platform/msm/camera/cam_isp/isp_hw_mgr/isp_hw/vfe_hw/vfe170/cam_vfe170.o
  CC      drivers/media/platform/msm/camera/cam_isp/isp_hw_mgr/isp_hw/vfe_hw/vfe_bus/cam_vfe_bus.o
  CC      drivers/media/platform/msm/camera/cam_isp/isp_hw_mgr/isp_hw/vfe_hw/vfe170/cam_vfe_lite170.o
  CC      drivers/media/platform/msm/camera/cam_isp/isp_hw_mgr/isp_hw/vfe_hw/vfe_bus/cam_vfe_bus_ver2.o
  LD      drivers/media/platform/msm/camera/cam_jpeg/built-in.o
  CC      drivers/media/platform/msm/camera/cam_isp/isp_hw_mgr/isp_hw/vfe_hw/vfe_top/cam_vfe_top.o
  CC      drivers/media/platform/msm/camera/cam_lrme/lrme_hw_mgr/lrme_hw/cam_lrme_hw_dev.o
  LD      drivers/media/platform/msm/camera/cam_isp/isp_hw_mgr/isp_hw/vfe_hw/vfe170/built-in.o
  CC      drivers/media/platform/msm/camera/cam_lrme/lrme_hw_mgr/lrme_hw/cam_lrme_hw_core.o
  CC      drivers/media/platform/msm/camera/cam_isp/isp_hw_mgr/isp_hw/vfe_hw/vfe_top/cam_vfe_top_ver2.o
  CC      drivers/media/platform/msm/camera/cam_isp/isp_hw_mgr/isp_hw/vfe_hw/vfe_top/cam_vfe_camif_ver2.o
  CC      drivers/media/platform/msm/camera/cam_lrme/lrme_hw_mgr/lrme_hw/cam_lrme_hw_soc.o
  LD      drivers/media/platform/msm/camera/cam_isp/isp_hw_mgr/isp_hw/vfe_hw/vfe_bus/built-in.o
  CC      drivers/media/platform/msm/camera/cam_isp/isp_hw_mgr/isp_hw/vfe_hw/vfe_top/cam_vfe_rdi.o
  CC      drivers/media/platform/msm/camera/cam_lrme/lrme_hw_mgr/cam_lrme_hw_mgr.o
  CC      drivers/media/platform/msm/camera/cam_lrme/cam_lrme_dev.o
  LD      drivers/media/platform/msm/camera/cam_lrme/lrme_hw_mgr/lrme_hw/built-in.o
  CC      drivers/media/platform/msm/camera/cam_lrme/cam_lrme_context.o
  LD      drivers/media/platform/msm/camera/cam_isp/isp_hw_mgr/isp_hw/vfe_hw/vfe_top/built-in.o
  LD      drivers/media/platform/msm/camera/cam_isp/isp_hw_mgr/isp_hw/vfe_hw/built-in.o
  LD      drivers/media/platform/msm/camera/cam_isp/isp_hw_mgr/isp_hw/built-in.o
  LD      drivers/media/platform/msm/camera/cam_isp/isp_hw_mgr/built-in.o
  LD      drivers/media/platform/msm/camera/cam_isp/built-in.o
  CC      drivers/media/platform/msm/camera/cam_req_mgr/cam_req_mgr_core.o
  CC      drivers/media/platform/msm/vidc/msm_v4l2_vidc.o
  LD      drivers/misc/cb710/built-in.o
  LD      drivers/misc/eeprom/built-in.o
  LD      drivers/media/platform/msm/camera/cam_lrme/lrme_hw_mgr/built-in.o
  LD      drivers/media/platform/msm/camera/cam_lrme/built-in.o
  LD      drivers/misc/lis3lv02d/built-in.o
  CC      drivers/media/platform/msm/camera/cam_req_mgr/cam_req_mgr_dev.o
  LD      drivers/misc/mic/bus/built-in.o
  LD      drivers/misc/mic/built-in.o
  LD      drivers/misc/ti-st/built-in.o
  CC      drivers/misc/hdcp_qseecom.o
  CC      drivers/media/platform/msm/vidc/msm_vidc_platform.o
  CC      drivers/misc/msm_hdcp.o
  CC      drivers/media/platform/msm/camera/cam_req_mgr/cam_req_mgr_util.o
  CC      drivers/misc/qseecom.o
  CC      drivers/media/platform/msm/vidc/msm_vidc_common.o
  CC      drivers/misc/fastchg.o
  CC      drivers/media/platform/msm/camera/cam_req_mgr/cam_req_mgr_workq.o
  CC      drivers/media/platform/msm/camera/cam_req_mgr/cam_mem_mgr.o
  CC      drivers/media/platform/msm/camera/cam_req_mgr/cam_req_mgr_timer.o
  CC      drivers/media/platform/msm/camera/cam_req_mgr/cam_req_mgr_debug.o
  CC      drivers/media/platform/msm/vidc/msm_vidc.o
  LD      drivers/media/platform/msm/camera/cam_req_mgr/built-in.o
  CC      drivers/media/platform/msm/camera/cam_sensor_module/3dsl_eeprom/3dsl_eeprom_dev.o
  CC      drivers/media/platform/msm/camera/cam_sensor_module/3dsl_eeprom/3dsl_eeprom_core.o
  CC      drivers/media/platform/msm/camera/cam_sensor_module/cam_actuator/cam_actuator_dev.o
  CC      drivers/media/platform/msm/camera/cam_sensor_module/3dsl_eeprom/3dsl_eeprom_soc.o
  CC      drivers/media/platform/msm/vidc/msm_vdec.o
  CC      drivers/media/platform/msm/camera/cam_sensor_module/cam_actuator/cam_actuator_core.o
  LD      drivers/media/platform/msm/camera/cam_sensor_module/3dsl_eeprom/built-in.o
  CC      drivers/media/platform/msm/camera/cam_sensor_module/cam_cci/cam_cci_dev.o
  CC      drivers/media/platform/msm/vidc/msm_venc.o
  LD      drivers/misc/built-in.o
  CC      drivers/media/platform/msm/camera/cam_sensor_module/cam_cci/cam_cci_core.o
  CC      drivers/media/platform/msm/camera/cam_sensor_module/cam_cci/cam_cci_soc.o
  CC      drivers/media/platform/msm/camera/cam_sensor_module/cam_actuator/cam_actuator_soc.o
  LD      drivers/media/platform/msm/camera/cam_sensor_module/cam_actuator/built-in.o
  CC      drivers/media/platform/msm/camera/cam_sensor_module/cam_csiphy/cam_csiphy_soc.o
  CC      drivers/media/platform/msm/camera/cam_sensor_module/cam_csiphy/cam_csiphy_dev.o
  LD      drivers/media/platform/msm/camera/cam_sensor_module/cam_cci/built-in.o
  CC      drivers/media/platform/msm/camera/cam_sensor_module/cam_eeprom/cam_eeprom_dev.o
  CC      drivers/media/platform/msm/camera/cam_sensor_module/cam_csiphy/cam_csiphy_core.o
  CC      drivers/media/platform/msm/camera/cam_sensor_module/cam_eeprom/cam_eeprom_core.o
  CC      drivers/media/platform/msm/camera/cam_sensor_module/cam_flash/cam_flash_dev.o
  CC      drivers/media/platform/msm/vidc/msm_smem.o
  LD      drivers/media/platform/msm/camera/cam_sensor_module/cam_csiphy/built-in.o
  CC      drivers/media/platform/msm/camera/cam_sensor_module/cam_ir_led/cam_ir_led_dev.o
  CC      drivers/media/platform/msm/camera/cam_sensor_module/cam_eeprom/cam_eeprom_soc.o
  CC      drivers/media/platform/msm/camera/cam_sensor_module/cam_flash/cam_flash_core.o
  CC      drivers/media/platform/msm/vidc/msm_vidc_debug.o
  CC      drivers/media/platform/msm/camera/cam_sensor_module/cam_ir_led/cam_ir_led_soc.o
  LD      drivers/media/platform/msm/camera/cam_sensor_module/cam_eeprom/built-in.o
  CC      drivers/media/platform/msm/camera/cam_sensor_module/cam_ois/cam_ois_dev.o
  CC      drivers/media/platform/msm/camera/cam_sensor_module/cam_ir_led/cam_ir_led_core.o
  CC      drivers/media/platform/msm/camera/cam_sensor_module/cam_flash/cam_flash_soc.o
  CC      drivers/media/platform/msm/camera/cam_sensor_module/cam_ois/cam_ois_core.o
  CC      drivers/media/platform/msm/vidc/msm_vidc_res_parse.o
  LD      drivers/media/platform/msm/camera/cam_sensor_module/cam_ir_led/built-in.o
  CC      drivers/media/platform/msm/camera/cam_sensor_module/cam_ois/cam_ois_soc.o
  CC      drivers/media/platform/msm/camera/cam_sensor_module/cam_res_mgr/cam_res_mgr.o
  LD      drivers/media/platform/msm/camera/cam_sensor_module/cam_flash/built-in.o
  CC      drivers/media/platform/msm/camera/cam_sensor_module/cam_sensor/cam_sensor_dev.o
  LD      drivers/media/platform/msm/camera/cam_sensor_module/cam_ois/built-in.o
  CC      drivers/media/platform/msm/camera/cam_sensor_module/cam_sensor_io/cam_sensor_io.o
  CC      drivers/media/platform/msm/vidc/venus_hfi.o
  CC      drivers/media/platform/msm/camera/cam_sensor_module/cam_sensor/cam_sensor_core.o
  CC      drivers/media/platform/msm/camera/cam_sensor_module/cam_sensor_io/cam_sensor_cci_i2c.o
  LD      drivers/media/platform/msm/camera/cam_sensor_module/cam_res_mgr/built-in.o
  CC      drivers/media/platform/msm/camera/cam_sensor_module/cam_sensor_utils/cam_sensor_util.o
  CC      drivers/media/platform/msm/camera/cam_sensor_module/cam_sensor_io/cam_sensor_qup_i2c.o
  CC      drivers/media/platform/msm/camera/cam_sensor_module/cam_sensor/cam_sensor_soc.o
  LD      drivers/media/platform/msm/camera/cam_sensor_module/cam_sensor_utils/built-in.o
  CC      drivers/media/platform/msm/camera/cam_sensor_module/cam_sensor_io/cam_sensor_spi.o
  LD      drivers/media/platform/msm/camera/cam_sensor_module/cam_sensor/built-in.o
  CC      drivers/media/platform/msm/vidc/hfi_response_handler.o
  CC      drivers/media/platform/msm/camera/cam_smmu/cam_smmu_api.o
  LD      drivers/media/platform/msm/camera/cam_sensor_module/cam_sensor_io/built-in.o
  LD      drivers/media/platform/msm/camera/cam_sensor_module/built-in.o
  CC      drivers/media/platform/msm/camera/cam_sync/cam_sync.o
  CC      drivers/media/platform/msm/vidc/hfi_packetization.o
  CC      drivers/media/platform/msm/vidc/vidc_hfi.o
  CC      drivers/media/platform/msm/camera/cam_sync/cam_sync_util.o
  LD      drivers/media/platform/msm/camera/cam_smmu/built-in.o
  CC      drivers/media/platform/msm/vidc/venus_boot.o
  CC      drivers/media/platform/msm/camera/cam_utils/cam_soc_util.o
  CC      drivers/media/platform/msm/vidc/msm_vidc_clocks.o
  LD      drivers/media/platform/msm/camera/cam_sync/built-in.o
  CC      drivers/media/platform/msm/camera/cam_utils/cam_io_util.o
  CC      drivers/media/platform/msm/vidc/governors/msm_vidc_dyn_gov.o
  CC      drivers/media/platform/msm/camera/cam_utils/cam_packet_util.o
  CC      drivers/media/platform/msm/camera/cam_utils/cam_debug_util.o
  LD      drivers/media/platform/msm/vidc/msm-vidc.o
  CC      drivers/media/platform/msm/camera/cam_utils/cam_trace.o
  CC      drivers/media/platform/msm/camera/cam_utils/cam_common_util.o
  LD      drivers/media/platform/msm/vidc/governors/msm-vidc-dyn-gov.o
  LD      drivers/media/platform/msm/vidc/governors/built-in.o
  LD      drivers/media/platform/msm/vidc/built-in.o
  CC      drivers/net/dummy.o
  CC      drivers/mmc/card/block.o
  CC      drivers/mmc/core/core.o
  LD      drivers/media/platform/msm/camera/cam_utils/built-in.o
  LD      drivers/media/platform/msm/camera/built-in.o
  LD      drivers/media/platform/msm/built-in.o
  LD      drivers/media/platform/omap/built-in.o
  LD      drivers/media/platform/built-in.o
  LD      drivers/media/radio/built-in.o
  LD      drivers/media/rc/keymaps/built-in.o
  LD      drivers/media/rc/built-in.o
  CC      drivers/net/phy/phy.o
  LD      drivers/media/spi/built-in.o
  LD      drivers/media/tuners/built-in.o
  LD      drivers/media/usb/b2c2/built-in.o
  LD      drivers/media/usb/dvb-usb/built-in.o
  LD      drivers/media/usb/dvb-usb-v2/built-in.o
  LD      drivers/media/usb/s2255/built-in.o
  LD      drivers/media/usb/siano/built-in.o
  LD      drivers/media/usb/stkwebcam/built-in.o
  LD      drivers/media/usb/ttusb-budget/built-in.o
  LD      drivers/media/usb/ttusb-dec/built-in.o
  LD      drivers/media/usb/zr364xx/built-in.o
  LD      drivers/media/usb/built-in.o
  CC      drivers/media/v4l2-core/v4l2-dev.o
  CC      drivers/mmc/core/bus.o
  CC      drivers/net/phy/phy_device.o
  CC      drivers/mmc/card/queue.o
  CC      drivers/media/v4l2-core/v4l2-ioctl.o
  CC      drivers/mmc/core/host.o
  LD      drivers/mmc/card/mmc_block.o
  LD      drivers/mmc/card/built-in.o
  CC      drivers/net/wireguard/main.o
  CC      drivers/net/phy/mdio_bus.o
  CC      drivers/media/v4l2-core/v4l2-device.o
  CC      drivers/mmc/core/mmc.o
  CC      drivers/net/wireguard/noise.o
  CC      drivers/net/phy/mdio_device.o
  CC      drivers/media/v4l2-core/v4l2-fh.o
  CC      drivers/net/wireguard/device.o
  CC      drivers/media/v4l2-core/v4l2-event.o
  CC      drivers/net/phy/swphy.o
  CC      drivers/mmc/core/mmc_ops.o
  CC      drivers/media/v4l2-core/v4l2-ctrls.o
  CC      drivers/net/wireguard/peer.o
  CC      drivers/net/phy/fixed_phy.o
  CC      drivers/mmc/core/sd.o
  CC      drivers/net/wireguard/timers.o
  LD      drivers/net/phy/libphy.o
  LD      drivers/net/phy/built-in.o
  CC      drivers/net/wireless/cnss_genl/cnss_nl.o
  CC      drivers/mmc/core/sd_ops.o
  CC      drivers/media/v4l2-core/v4l2-subdev.o
  CC      drivers/net/wireguard/queueing.o
  LD      drivers/net/wireless/cnss_genl/built-in.o
  CC      drivers/net/wireless/cnss_prealloc/cnss_prealloc.o
  CC      drivers/mmc/core/sdio.o
  CC      drivers/media/v4l2-core/v4l2-clk.o
  CC      drivers/net/wireguard/send.o
  LD      drivers/net/wireless/cnss_prealloc/built-in.o
  CC      drivers/net/wireless/cnss_utils/cnss_utils.o
  CC      drivers/media/v4l2-core/v4l2-async.o
  CC      drivers/mmc/core/sdio_ops.o
  CC      drivers/net/wireguard/receive.o
  LD      drivers/net/wireless/cnss_utils/built-in.o
  LD      drivers/net/wireless/built-in.o
  CC      drivers/mmc/core/sdio_bus.o
  CC      drivers/net/Space.o
  CC      drivers/media/v4l2-core/v4l2-compat-ioctl32.o
  CC      drivers/net/loopback.o
  CC      drivers/mmc/core/sdio_cis.o
  CC      drivers/net/wireguard/socket.o
  CC      drivers/net/tun.o
  CC      drivers/mmc/core/sdio_io.o
  CC      drivers/media/v4l2-core/v4l2-of.o
  CC      drivers/net/wireguard/peerlookup.o
  CC      drivers/mmc/core/sdio_irq.o
  CC      drivers/media/v4l2-core/v4l2-mc.o
  CC      drivers/net/wireguard/allowedips.o
  CC      drivers/mmc/core/quirks.o
  CC      drivers/mmc/core/slot-gpio.o
  CC      drivers/media/v4l2-core/v4l2-common.o
  CC      drivers/mmc/core/pwrseq.o
  CC      drivers/net/wireguard/ratelimiter.o
  CC      drivers/media/v4l2-core/v4l2-dv-timings.o
  CC      drivers/mmc/core/debugfs.o
  CC      drivers/media/v4l2-core/v4l2-mem2mem.o
  CC      drivers/net/wireguard/cookie.o
  CC      drivers/net/wireguard/netlink.o
  CC      drivers/mmc/core/pwrseq_simple.o
  CC      drivers/media/v4l2-core/videobuf2-core.o
  CC      drivers/mmc/core/pwrseq_emmc.o
  CC      drivers/net/wireguard/crypto/zinc/chacha20/chacha20.o
  PERLASM drivers/net/wireguard/crypto/zinc/chacha20/chacha20-arm64.S
  LD      drivers/mmc/core/mmc_core.o
  LD      drivers/mmc/core/built-in.o
  CC      drivers/mmc/host/sdhci.o
  CC      drivers/net/wireguard/crypto/zinc/poly1305/poly1305.o
  PERLASM drivers/net/wireguard/crypto/zinc/poly1305/poly1305-arm64.S
  CC      drivers/net/wireguard/crypto/zinc/chacha20poly1305.o
  CC      drivers/media/v4l2-core/videobuf2-v4l2.o
  CC      drivers/net/wireguard/crypto/zinc/blake2s/blake2s.o
  CC      drivers/net/wireguard/crypto/zinc/curve25519/curve25519.o
  LD      drivers/media/v4l2-core/videodev.o
  LD      drivers/media/v4l2-core/built-in.o
  CC      drivers/media/media-device.o
  CC      drivers/mmc/host/sdhci-pltfm.o
  AS      drivers/net/wireguard/crypto/zinc/chacha20/chacha20-arm64.o
  AS      drivers/net/wireguard/crypto/zinc/poly1305/poly1305-arm64.o
  CC      drivers/mmc/host/sdhci-msm.o
  CC      drivers/media/media-devnode.o
  CC      drivers/media/media-entity.o
  CC      drivers/nfc/nq-nci.o
  LD      drivers/media/media.o
  LD      drivers/media/built-in.o
  LD      drivers/nvme/host/built-in.o
  LD      drivers/nvme/target/built-in.o
  LD      drivers/nvme/built-in.o
  CC      drivers/of/base.o
  LD      drivers/nfc/built-in.o
  CC      drivers/of/device.o
  LD      drivers/mmc/host/built-in.o
  LD      drivers/mmc/built-in.o
  CC      drivers/pci/access.o
  CC      drivers/of/platform.o
  CC      drivers/of/kobj.o
  CC      drivers/of/fdt.o
  CC      drivers/pci/bus.o
  CC      drivers/of/fdt_address.o
  CC      drivers/of/address.o
  CC      drivers/pci/probe.o
  CC      drivers/of/irq.o
  CC      drivers/of/of_net.o
  CC      drivers/pci/host-bridge.o
  CC      drivers/of/of_mdio.o
  CC      drivers/of/of_pci.o
  CC      drivers/pci/remove.o
  CC      drivers/of/of_pci_irq.o
  CC      drivers/pci/pci.o
  CC      drivers/of/of_reserved_mem.o
  CC      drivers/of/of_slimbus.o
  CC      drivers/of/of_batterydata.o
  CC      drivers/pci/pci-driver.o
  LD      drivers/of/built-in.o
  CC      drivers/perf/arm_pmu.o
  CC      drivers/pci/search.o
  CC      drivers/pci/pci-sysfs.o
  CC      drivers/pci/rom.o
  LD      drivers/perf/built-in.o
  CC      drivers/phy/phy-core.o
  CC      drivers/pci/setup-res.o
  CC      drivers/pci/irq.o
  CC      drivers/phy/phy-qcom-ufs.o
  CC      drivers/pci/vpd.o
  CC      drivers/pci/setup-bus.o
  CC      drivers/phy/phy-qcom-ufs-qmp-14nm.o
  CC      drivers/pci/vc.o
  CC      drivers/phy/phy-qcom-ufs-qmp-v3.o
  CC      drivers/pci/proc.o
  CC      drivers/phy/phy-qcom-ufs-qrbtc-sdm845.o
  CC      drivers/phy/phy-qcom-ufs-qmp-v3-660.o
  CC      drivers/pci/slot.o
  CC      drivers/pci/quirks.o
  LD      drivers/phy/built-in.o
  CC      drivers/pinctrl/core.o
  CC      drivers/pci/msi.o
  CC      drivers/pci/setup-irq.o
  CC      drivers/pinctrl/pinctrl-utils.o
  CC      drivers/pci/syscall.o
  CC      drivers/pinctrl/pinmux.o
  CC      drivers/pci/of.o
  CC      drivers/pci/host/pci-msm.o
  CC      drivers/pinctrl/pinconf.o
  CC      drivers/pinctrl/devicetree.o
  CC      drivers/pinctrl/pinconf-generic.o
../drivers/pci/host/pci-msm.c:6271:25: warning: unused variable 'pcie_dev' [-Wunused-variable]
        struct msm_pcie_dev_t *pcie_dev = PCIE_BUS_PRIV_DATA(dev->bus);
                               ^
  LD      drivers/pinctrl/bcm/built-in.o
  LD      drivers/pinctrl/freescale/built-in.o
  LD      drivers/pinctrl/nomadik/built-in.o
  CC      drivers/pinctrl/qcom/pinctrl-msm.o
  CC      drivers/pinctrl/qcom/pinctrl-spmi-gpio.o
  CC      drivers/pinctrl/qcom/pinctrl-spmi-mpp.o
  LD      drivers/net/wireguard/wireguard.o
  LD      drivers/net/wireguard/built-in.o
  LD      drivers/net/built-in.o
  CC      drivers/pinctrl/qcom/pinctrl-sdm845.o
  CC      drivers/platform/msm/gsi/gsi.o
  CC      drivers/platform/msm/ipa/ipa_clients/ipa_usb.o
  CC      drivers/pinctrl/qcom/pinctrl-sdm845-v2.o
  LD      drivers/pinctrl/qcom/built-in.o
  LD      drivers/pinctrl/built-in.o
  CC      drivers/platform/msm/ipa/ipa_v3/ipahal/ipahal.o
  CC      drivers/platform/msm/gsi/gsi_dbg.o
  CC      drivers/platform/msm/ipa/ipa_v3/ipahal/ipahal_reg.o
  CC      drivers/platform/msm/ipa/ipa_clients/odu_bridge.o
  LD      drivers/platform/msm/gsi/built-in.o
  CC      drivers/platform/msm/ipa/ipa_v3/ipa.o
1 warning generated.
  CC      drivers/platform/msm/ipa/ipa_v3/ipahal/ipahal_fltrt.o
  LD      drivers/pci/host/built-in.o
  LD      drivers/pci/built-in.o
  LD      drivers/power/qcom/built-in.o
  CC      drivers/power/reset/msm-poweroff.o
  CC      drivers/platform/msm/ipa/ipa_clients/ipa_mhi_client.o
  CC      drivers/power/reset/xgene-reboot.o
  CC      drivers/power/reset/syscon-reboot.o
  CC      drivers/platform/msm/ipa/ipa_v3/ipahal/ipahal_hw_stats.o
  LD      drivers/power/reset/built-in.o
  CC      drivers/power/supply/power_supply_core.o
  CC      drivers/platform/msm/ipa/ipa_clients/ipa_uc_offload.o
  CC      drivers/platform/msm/ipa/ipa_v3/ipahal/ipahal_nat.o
  CC      drivers/power/supply/power_supply_sysfs.o
  CC      drivers/platform/msm/ipa/ipa_clients/ipa_wdi3.o
  CC      drivers/platform/msm/ipa/ipa_v3/ipa_debugfs.o
  LD      drivers/platform/msm/ipa/ipa_v3/ipahal/ipa_hal.o
  LD      drivers/platform/msm/ipa/ipa_v3/ipahal/built-in.o
  CC      drivers/platform/msm/ipa/ipa_v3/ipa_hdr.o
  CC      drivers/power/supply/power_supply_leds.o
  CC      drivers/power/supply/qcom/qpnp-fg-gen3.o
  CC      drivers/platform/msm/ipa/ipa_clients/ipa_gsb.o
  CC      drivers/power/supply/qcom/fg-memif.o
  CC      drivers/platform/msm/ipa/ipa_v3/ipa_flt.o
  CC      drivers/power/supply/qcom/fg-util.o
  CC      drivers/platform/msm/ipa/ipa_clients/rndis_ipa.o
  CC      drivers/platform/msm/ipa/ipa_v3/ipa_rt.o
  CC      drivers/power/supply/qcom/smb1355-charger.o
  CC      drivers/power/supply/qcom/pmic-voter.o
  CC      drivers/power/supply/qcom/step-chg-jeita.o
  CC      drivers/power/supply/qcom/battery.o
  CC      drivers/platform/msm/ipa/ipa_v3/ipa_dp.o
  CC      drivers/platform/msm/ipa/ipa_v3/ipa_client.o
  LD      drivers/platform/msm/ipa/ipa_clients/built-in.o
  CC      drivers/platform/msm/ipa/test/ipa_ut_framework.o
  CC      drivers/power/supply/qcom/qpnp-smb2.o
  CC      drivers/platform/msm/ipa/test/ipa_test_example.o
  CC      drivers/power/supply/qcom/smb-lib.o
  CC      drivers/platform/msm/ipa/ipa_v3/ipa_utils.o
  CC      drivers/platform/msm/ipa/test/ipa_test_mhi.o
  CC      drivers/platform/msm/ipa/ipa_v3/ipa_nat.o
  CC      drivers/platform/msm/ipa/ipa_v3/ipa_intf.o
  CC      drivers/platform/msm/ipa/ipa_v3/teth_bridge.o
  CC      drivers/power/supply/qcom/storm-watch.o
  CC      drivers/platform/msm/ipa/ipa_v3/ipa_interrupts.o
  CC      drivers/power/supply/qcom/qpnp-qnovo.o
  CC      drivers/platform/msm/ipa/test/ipa_test_dma.o
  CC      drivers/platform/msm/ipa/ipa_api.o
  CC      drivers/platform/msm/ipa/ipa_v3/ipa_uc.o
  CC      drivers/power/supply/qcom/idtp9220.o
  CC      drivers/power/supply/qcom/smb1390-charger.o
  CC      drivers/platform/msm/ipa/test/ipa_test_hw_stats.o
  CC      drivers/platform/msm/ipa/ipa_v3/ipa_uc_wdi.o
  LD      drivers/power/supply/qcom/built-in.o
  LD      drivers/power/supply/power_supply.o
  LD      drivers/power/supply/built-in.o
  CC      drivers/platform/msm/ipa/ipa_v3/ipa_dma.o
  LD      drivers/power/built-in.o
  CC      drivers/platform/msm/ipa/ipa_v3/ipa_uc_mhi.o
  CC      drivers/platform/msm/ipa/test/ipa_pm_ut.o
  CC      drivers/platform/msm/ipa/ipa_v3/ipa_mhi.o
  CC      drivers/platform/msm/ipa/ipa_v3/ipa_uc_ntn.o
  CC      drivers/platform/msm/ipa/ipa_v3/ipa_hw_stats.o
  LD      drivers/platform/msm/ipa/test/ipa_ut_mod.o
  LD      drivers/platform/msm/ipa/test/built-in.o
  CC      drivers/platform/msm/ipa/ipa_rm.o
  CC      drivers/platform/msm/ipa/ipa_v3/ipa_pm.o
  CC      drivers/pwm/core.o
  CC      drivers/platform/msm/ipa/ipa_v3/ipa_wdi3_i.o
  CC      drivers/platform/msm/ipa/ipa_rm_dependency_graph.o
  CC      drivers/platform/msm/ipa/ipa_v3/rmnet_ipa.o
  CC      drivers/pwm/sysfs.o
  CC      drivers/pwm/pwm-qpnp.o
  CC      drivers/platform/msm/ipa/ipa_v3/ipa_qmi_service_v01.o
  CC      drivers/platform/msm/ipa/ipa_rm_peers_list.o
  CC      drivers/platform/msm/ipa/ipa_v3/ipa_qmi_service.o
  CC      drivers/platform/msm/ipa/ipa_rm_resource.o
  CC      drivers/platform/msm/ipa/ipa_rm_inactivity_timer.o
  CC      drivers/platform/msm/ipa/ipa_v3/rmnet_ipa_fd_ioctl.o
  LD      drivers/platform/msm/ipa/ipa_v3/ipat.o
  CC      drivers/regulator/core.o
  LD      drivers/platform/msm/ipa/ipa_v3/built-in.o
  LD      drivers/platform/msm/ipa/ipa_common
  CC      drivers/regulator/dummy.o
  LD      drivers/platform/msm/ipa/built-in.o
  CC      drivers/platform/msm/sps/bam.o
  CC      drivers/regulator/fixed-helper.o
  LD      drivers/pwm/built-in.o
  CC      drivers/reset/core.o
  CC      drivers/regulator/helpers.o
  CC      drivers/platform/msm/sps/sps_bam.o
  LD      drivers/reset/hisilicon/built-in.o
  LD      drivers/reset/built-in.o
  CC      drivers/platform/msm/sps/sps.o
  CC      drivers/regulator/devres.o
  CC      drivers/regulator/of_regulator.o
  CC      drivers/regulator/fixed.o
  CC      drivers/platform/msm/sps/sps_dma.o
  CC      drivers/platform/msm/sps/sps_map.o
  CC      drivers/platform/msm/sps/sps_mem.o
  CC      drivers/regulator/proxy-consumer.o
  CC      drivers/regulator/qpnp-labibb-regulator.o
  CC      drivers/platform/msm/sps/sps_rm.o
  CC      drivers/regulator/qpnp-regulator.o
  CC      drivers/regulator/refgen.o
  LD      drivers/platform/msm/sps/built-in.o
  CC      drivers/platform/msm/qpnp-coincell.o
  CC      drivers/regulator/rpmh-regulator.o
  CC      drivers/platform/msm/qpnp-revid.o
  CC      drivers/regulator/stub-regulator.o
  CC      drivers/platform/msm/usb_bam.o
  CC      drivers/platform/msm/qcom-geni-se.o
  CC      drivers/platform/msm/msm_ext_display.o
  LD      drivers/regulator/built-in.o
WARNING: drivers/regulator/built-in.o(___ksymtab+qpnp_regulator_init+0x0): Section mismatch in reference from the variable __ksymtab_qpnp_regulator_init to the function .init.text:qpnp_regulator_init()
The symbol qpnp_regulator_init is exported and annotated __init 
Fix this by removing the __init annotation of qpnp_regulator_init or drop the export.

WARNING: drivers/regulator/built-in.o(___ksymtab+regulator_stub_init+0x0): Section mismatch in reference from the variable __ksymtab_regulator_stub_init to the function .init.text:regulator_stub_init()
The symbol regulator_stub_init is exported and annotated __init 
Fix this by removing the __init annotation of regulator_stub_init or drop the export.

  CC      drivers/rtc/rtc-lib.o
  CC      drivers/rtc/hctosys.o
  CC      drivers/rtc/systohc.o
  CC      drivers/rtc/class.o
  CC      drivers/rtc/interface.o
  CC      drivers/rtc/rtc-dev.o
  CC      drivers/rtc/rtc-proc.o
  CC      drivers/rtc/rtc-sysfs.o
  CC      drivers/rtc/qpnp-rtc.o
  CC      drivers/scsi/scsi.o
  LD      drivers/rtc/rtc-core.o
  CC      drivers/scsi/hosts.o
  LD      drivers/platform/msm/built-in.o
  LD      drivers/platform/built-in.o
  LD      drivers/rtc/built-in.o
  CC      drivers/sensors/sensors_ssc.o
  CC      drivers/slimbus/slimbus.o
  CC      drivers/scsi/scsi_ioctl.o
  LD      drivers/sensors/built-in.o
  LD      drivers/soc/bcm/built-in.o
  LD      drivers/soc/fsl/built-in.o
  CC      drivers/spi/spi.o
  CC      drivers/soc/qcom/llcc-core.o
  CC      drivers/soc/qcom/llcc-slice.o
  CC      drivers/scsi/scsicam.o
  CC      drivers/soc/qcom/llcc-sdm845.o
  CC      drivers/slimbus/slim-msm.o
  CC      drivers/soc/qcom/scm.o
  CC      drivers/scsi/scsi_error.o
  CC      drivers/spi/spidev.o
  CC      drivers/slimbus/slim-msm-ngd.o
  CC      drivers/soc/qcom/scm-boot.o
../drivers/slimbus/slim-msm-ngd.c:1030:24: warning: unused variable 'dev' [-Wunused-variable]
        struct msm_slim_ctrl *dev = slim_get_ctrldata(ctrl);
                              ^
  CC      drivers/spi/spi-qup.o
  CC      drivers/soc/qcom/early_random.o
  CC      drivers/scsi/scsi_lib.o
  CC      drivers/soc/qcom/socinfo.o
1 warning generated.
  LD      drivers/slimbus/built-in.o
  CC      drivers/spmi/spmi.o
  CC      drivers/spi/spi-geni-qcom.o
  CC      drivers/soc/qcom/eud.o
  CC      drivers/spmi/spmi-pmic-arb.o
  CC      drivers/spi/spi_qsd.o
  CC      drivers/scsi/scsi_common.o
  CC      drivers/soc/qcom/rq_stats.o
  CC      drivers/scsi/scsi_lib_dma.o
  LD      drivers/spmi/built-in.o
  CC      drivers/staging/android/ion/ion.o
  CC      drivers/soc/qcom/secure_buffer.o
  CC      drivers/scsi/scsi_scan.o
  LD      drivers/spi/built-in.o
  CC      drivers/staging/android/ion/ion_heap.o
  CC      drivers/soc/qcom/msm_smem.o
  CC      drivers/staging/android/ion/ion_page_pool.o
  CC      drivers/soc/qcom/smem_debug.o
  CC      drivers/scsi/scsi_sysfs.o
  CC      drivers/staging/android/ion/ion_system_heap.o
  CC      drivers/soc/qcom/glink.o
  CC      drivers/soc/qcom/glink_debugfs.o
  CC      drivers/staging/android/ion/ion_carveout_heap.o
  CC      drivers/soc/qcom/glink_ssr.o
  CC      drivers/scsi/scsi_devinfo.o
  CC      drivers/staging/android/ion/ion_chunk_heap.o
  CC      drivers/staging/android/ion/ion_system_secure_heap.o
  CC      drivers/soc/qcom/glink_loopback_server.o
  CC      drivers/scsi/scsi_sysctl.o
../drivers/soc/qcom/glink_loopback_server.c:812:18: warning: unused variable 'tx_done_ch_info' [-Wunused-variable]
        struct ch_info *tx_done_ch_info = (struct ch_info *)priv;
                        ^
  CC      drivers/staging/android/ion/ion_cma_heap.o
  CC      drivers/soc/qcom/glink_smem_native_xprt.o
  CC      drivers/scsi/scsi_proc.o
1 warning generated.
  CC      drivers/soc/qcom/glink_spi_xprt.o
  CC      drivers/staging/android/ion/ion_cma_secure_heap.o
  CC      drivers/scsi/scsi_trace.o
  CC      drivers/soc/qcom/spcom.o
  CC      drivers/scsi/scsi_logging.o
  CC      drivers/staging/android/ion/compat_ion.o
  CC      drivers/soc/qcom/spss_utils.o
  CC      drivers/staging/android/ion/msm/msm_ion.o
  CC      drivers/scsi/scsi_pm.o
  CC      drivers/scsi/ufs/ufs-qcom.o
  CC      drivers/soc/qcom/msm_bus/msm_bus_core.o
  CC      drivers/scsi/sd.o
  CC      drivers/staging/android/ion/msm/compat_msm_ion.o
  CC      drivers/soc/qcom/msm_bus/msm_bus_client_api.o
  CC      drivers/scsi/ufs/ufs-qcom-ice.o
  LD      drivers/staging/android/ion/msm/built-in.o
  LD      drivers/staging/android/ion/built-in.o
  CC      drivers/staging/android/ashmem.o
  CC      drivers/soc/qcom/msm_bus/msm_bus_of.o
  CC      drivers/scsi/ufs/ufshcd.o
  CC      drivers/scsi/sg.o
  CC      drivers/staging/android/lowmemorykiller.o
  CC      drivers/soc/qcom/msm_bus/msm_bus_fabric_rpmh.o
  LD      drivers/staging/android/built-in.o
  LD      drivers/staging/iio/accel/built-in.o
  LD      drivers/staging/iio/adc/built-in.o
  LD      drivers/staging/iio/addac/built-in.o
  LD      drivers/staging/iio/cdc/built-in.o
  LD      drivers/staging/iio/frequency/built-in.o
  LD      drivers/staging/media/built-in.o
  LD      drivers/staging/iio/gyro/built-in.o
  LD      drivers/staging/iio/impedance-analyzer/built-in.o
  LD      drivers/staging/iio/light/built-in.o
  LD      drivers/staging/iio/meter/built-in.o
  LD      drivers/staging/iio/resolver/built-in.o
  LD      drivers/staging/iio/trigger/built-in.o
  CC      drivers/soc/qcom/msm_bus/msm_bus_arb_rpmh.o
  LD      drivers/staging/iio/built-in.o
  CC      drivers/soc/qcom/qdsp6v2/cdsp-loader.o
  LD      drivers/soc/qcom/qdsp6v2/built-in.o
  CC      drivers/soc/qcom/rpmh.o
  CC      drivers/soc/qcom/msm_bus/msm_bus_rules.o
  CC      drivers/staging/qcacld-3.0/core/hdd/src/wlan_hdd_assoc.o
  CC      drivers/staging/qcacld-3.0/core/hdd/src/wlan_hdd_cfg.o
  CC      drivers/soc/qcom/msm_bus/msm_bus_bimc_rpmh.o
  CC      drivers/scsi/ufs/ufs_quirks.o
  CC      drivers/scsi/ufs/ufshcd-pltfrm.o
  CC      drivers/soc/qcom/msm_bus/msm_bus_noc_rpmh.o
  CC      drivers/soc/qcom/msm_bus/msm_bus_proxy_client.o
  CC      drivers/scsi/ufs/ufs-debugfs.o
  CC      drivers/soc/qcom/msm_bus/msm_bus_of_rpmh.o
  CC      drivers/scsi/ufs/ufs-qcom-debugfs.o
  LD      drivers/soc/qcom/msm_bus/built-in.o
  CC      drivers/soc/qcom/system_pm.o
  CC      drivers/soc/qcom/service-notifier.o
  CC      drivers/staging/qcacld-3.0/core/hdd/src/wlan_hdd_cfg80211.o
  LD      drivers/scsi/ufs/built-in.o
  LD      drivers/scsi/scsi_mod.o
  LD      drivers/scsi/sd_mod.o
  CC      drivers/staging/qcacld-3.0/core/hdd/src/wlan_hdd_data_stall_detection.o
  LD      drivers/scsi/built-in.o
  CC      drivers/thermal/thermal_core.o
  CC      drivers/soc/qcom/service-locator.o
  CC      drivers/soc/qcom/msm_smp2p.o
  CC      drivers/thermal/thermal_hwmon.o
  CC      drivers/thermal/of-thermal.o
  CC      drivers/thermal/step_wise.o
  CC      drivers/soc/qcom/smp2p_loopback.o
  CC      drivers/thermal/user_space.o
  CC      drivers/thermal/gov_low_limits.o
  CC      drivers/soc/qcom/smp2p_debug.o
  CC      drivers/thermal/cpu_cooling.o
  CC      drivers/thermal/devfreq_cooling.o
  CC      drivers/soc/qcom/smp2p_sleepstate.o
  CC      drivers/soc/qcom/ipc_router_glink_xprt.o
  CC      drivers/soc/qcom/qmi_interface.o
  CC      drivers/thermal/qcom-spmi-temp-alarm.o
  CC      drivers/thermal/qpnp-temp-alarm.o
  CC      drivers/soc/qcom/msm_glink_pkt.o
  CC      drivers/thermal/qcom/bcl_peripheral.o
  CC      drivers/soc/qcom/sysmon-glink.o
  CC      drivers/soc/qcom/sysmon-qmi.o
  CC      drivers/staging/qcacld-3.0/core/hdd/src/wlan_hdd_driver_ops.o
  CC      drivers/thermal/qcom/msm_lmh_dcvs.o
  CC      drivers/soc/qcom/icnss.o
  CC      drivers/soc/qcom/wlan_firmware_service_v01.o
  CC      drivers/thermal/qcom/lmh_dbg.o
  CC      drivers/soc/qcom/peripheral-loader.o
  CC      drivers/staging/qcacld-3.0/core/hdd/src/wlan_hdd_ext_scan.o
  CC      drivers/thermal/qcom/qti_virtual_sensor.o
  CC      drivers/soc/qcom/subsys-pil-tz.o
  CC      drivers/thermal/qcom/regulator_aop_cdev.o
  CC      drivers/thermal/qcom/regulator_cdev.o
  CC      drivers/soc/qcom/pil-q6v5.o
  CC      drivers/soc/qcom/pil-msa.o
  CC      drivers/thermal/qcom/thermal_mitigation_device_service_v01.o
  CC      drivers/thermal/qcom/qmi_cooling.o
  CC      drivers/staging/qcacld-3.0/core/hdd/src/wlan_hdd_ftm.o
  CC      drivers/soc/qcom/pil-q6v5-mss.o
  CC      drivers/soc/qcom/subsystem_notif.o
  LD      drivers/thermal/qcom/built-in.o
  LD      drivers/thermal/samsung/built-in.o
  CC      drivers/thermal/qpnp-adc-tm.o
  CC      drivers/soc/qcom/subsystem_restart.o
  CC      drivers/soc/qcom/ramdump.o
  CC      drivers/staging/qcacld-3.0/core/hdd/src/wlan_hdd_hostapd.o
  CC      drivers/soc/qcom/microdump_collector.o
  CC      drivers/thermal/msm-tsens.o
  CC      drivers/soc/qcom/cmd-db.o
  CC      drivers/soc/qcom/event_timer.o
  CC      drivers/thermal/tsens2xxx.o
  CC      drivers/soc/qcom/lpm-stats.o
  CC      drivers/soc/qcom/smcinvoke.o
  CC      drivers/thermal/tsens-dbg.o
  CC      drivers/soc/qcom/qsee_ipc_irq_bridge.o
  CC      drivers/thermal/tsens-mtc.o
  CC      drivers/thermal/tsens1xxx.o
  LD      drivers/soc/qcom/built-in.o
  LD      drivers/soc/built-in.o
  CC      drivers/tty/tty_io.o
  CC      drivers/staging/qcacld-3.0/core/hdd/src/wlan_hdd_ioctl.o
  CC      drivers/thermal/tsens_calib.o
  LD      drivers/thermal/thermal_sys.o
  CC      drivers/staging/qcacld-3.0/core/hdd/src/wlan_hdd_main.o
  LD      drivers/thermal/built-in.o
  CC      drivers/uio/uio.o
  CC      drivers/uio/msm_sharedmem/msm_sharedmem.o
  CC      drivers/tty/n_tty.o
  CC      drivers/uio/msm_sharedmem/remote_filesystem_access_v01.o
  CC      drivers/uio/msm_sharedmem/sharedmem_qmi.o
  CC      drivers/staging/qcacld-3.0/core/hdd/src/wlan_hdd_object_manager.o
  LD      drivers/uio/msm_sharedmem/built-in.o
  LD      drivers/uio/built-in.o
  CC      drivers/usb/common/common.o
  CC      drivers/tty/tty_ioctl.o
  LD      drivers/usb/common/usb-common.o
  LD      drivers/usb/common/built-in.o
  CC      drivers/usb/core/usb.o
  CC      drivers/staging/qcacld-3.0/core/hdd/src/wlan_hdd_oemdata.o
  CC      drivers/tty/tty_ldisc.o
  CC      drivers/usb/core/hub.o
  CC      drivers/staging/qcacld-3.0/core/hdd/src/wlan_hdd_p2p.o
  CC      drivers/tty/tty_buffer.o
  CC      drivers/staging/qcacld-3.0/core/hdd/src/wlan_hdd_packet_filter.o
  CC      drivers/tty/tty_port.o
  CC      drivers/staging/qcacld-3.0/core/hdd/src/wlan_hdd_power.o
  CC      drivers/tty/tty_mutex.o
  CC      drivers/staging/qcacld-3.0/core/hdd/src/wlan_hdd_regulatory.o
  CC      drivers/usb/core/hcd.o
  CC      drivers/tty/tty_ldsem.o
  CC      drivers/tty/pty.o
  CC      drivers/usb/dwc3/core.o
  CC      drivers/usb/core/urb.o
  CC      drivers/staging/qcacld-3.0/core/hdd/src/wlan_hdd_scan.o
  CC      drivers/tty/tty_audit.o
  LD      drivers/tty/ipwireless/built-in.o
  CC      drivers/tty/serial/serial_core.o
  CC      drivers/usb/core/message.o
  CC      drivers/usb/dwc3/debug.o
  CC      drivers/usb/dwc3/trace.o
  CC      drivers/staging/qcacld-3.0/core/hdd/src/wlan_hdd_softap_tx_rx.o
  CC      drivers/usb/dwc3/host.o
  CC      drivers/tty/serial/msm_geni_serial.o
  CC      drivers/usb/core/driver.o
  CC      drivers/usb/dwc3/gadget.o
  LD      drivers/tty/serial/built-in.o
  CC      drivers/staging/qcacld-3.0/core/hdd/src/wlan_hdd_stats.o
  LD      drivers/tty/vt/built-in.o
  LD      drivers/tty/built-in.o
  CC      drivers/usb/core/config.o
  CC      drivers/video/hdmi.o
  CC      drivers/usb/dwc3/ep0.o
  CC      drivers/usb/core/file.o
  CC      drivers/video/backlight/backlight.o
  CC      drivers/usb/dwc3/debugfs.o
  CC      drivers/usb/core/buffer.o
  CC      drivers/video/backlight/generic_bl.o
  CC      drivers/usb/core/sysfs.o
  CC      drivers/usb/dwc3/dwc3-pci.o
  LD      drivers/video/backlight/built-in.o
  CC      drivers/video/fbdev/core/fb_cmdline.o
  CC      drivers/staging/qcacld-3.0/core/hdd/src/wlan_hdd_trace.o
  CC      drivers/usb/core/endpoint.o
  CC      drivers/usb/dwc3/dwc3-of-simple.o
  CC      drivers/video/fbdev/core/fb_notify.o
  CC      drivers/usb/core/devio.o
  CC      drivers/usb/dwc3/dwc3-msm.o
  CC      drivers/staging/qcacld-3.0/core/hdd/src/wlan_hdd_tx_rx.o
  CC      drivers/video/fbdev/core/fbmem.o
  CC      drivers/usb/core/notify.o
  CC      drivers/video/fbdev/core/fbmon.o
  CC      drivers/usb/core/generic.o
  CC      drivers/staging/qcacld-3.0/core/hdd/src/wlan_hdd_wext.o
  CC      drivers/video/fbdev/core/fbcmap.o
  CC      drivers/usb/core/quirks.o
  CC      drivers/usb/core/devices.o
  CC      drivers/video/fbdev/core/fbsysfs.o
  CC      drivers/usb/core/port.o
  CC      drivers/usb/core/of.o
  CC      drivers/usb/dwc3/dbm.o
  CC      drivers/staging/qcacld-3.0/core/hdd/src/wlan_hdd_wmm.o
  CC      drivers/video/fbdev/core/modedb.o
  CC      drivers/usb/core/hcd-pci.o
  LD      drivers/usb/dwc3/dwc3.o
  LD      drivers/usb/dwc3/built-in.o
  CC      drivers/staging/qcacld-3.0/core/hdd/src/wlan_hdd_wowl.o
  CC      drivers/video/fbdev/core/fbcvt.o
  LD      drivers/usb/core/usbcore.o
  LD      drivers/usb/core/built-in.o
  LD      drivers/video/fbdev/core/fb.o
  LD      drivers/video/fbdev/core/built-in.o
  CC      drivers/usb/gadget/usbstring.o
  LD      drivers/video/fbdev/omap2/omapfb/displays/built-in.o
  LD      drivers/video/fbdev/omap2/omapfb/dss/built-in.o
  LD      drivers/video/fbdev/omap2/omapfb/built-in.o
  LD      drivers/video/fbdev/omap2/built-in.o
  LD      drivers/video/fbdev/built-in.o
  CC      drivers/video/klapse/klapse.o
  CC      drivers/usb/gadget/config.o
  CC      drivers/staging/qcacld-3.0/core/hdd/src/wlan_hdd_debugfs.o
  LD      drivers/video/built-in.o
  CC      drivers/staging/qcacld-3.0/core/hdd/src/wlan_hdd_debugfs_llstat.o
  CC      drivers/usb/gadget/epautoconf.o
  CC      drivers/usb/gadget/composite.o
  CC      drivers/usb/gadget/functions.o
  CC      drivers/staging/qcacld-3.0/core/hdd/src/wlan_hdd_debugfs_csr.o
  CC      drivers/staging/qcacld-3.0/core/hdd/src/wlan_hdd_debugfs_connect.o
  CC      drivers/usb/gadget/configfs.o
  CC      drivers/usb/gadget/u_f.o
  CC      drivers/staging/qcacld-3.0/core/hdd/src/wlan_hdd_debugfs_offload.o
  CC      drivers/staging/qcacld-3.0/core/hdd/src/wlan_hdd_debugfs_roam.o
  CC      drivers/usb/gadget/function/u_ether.o
  LD      drivers/usb/gadget/legacy/built-in.o
  CC      drivers/usb/gadget/udc/core.o
  CC      drivers/usb/gadget/udc/trace.o
  CC      drivers/staging/qcacld-3.0/core/hdd/src/wlan_hdd_debugfs_coex.o
  CC      drivers/staging/qcacld-3.0/core/hdd/src/wlan_hdd_spectralscan.o
  CC      drivers/usb/gadget/function/rndis.o
  LD      drivers/usb/gadget/udc/udc-core.o
  LD      drivers/usb/gadget/udc/built-in.o
  CC      drivers/staging/qcacld-3.0/core/hdd/src/wlan_hdd_fips.o
../drivers/usb/gadget/function/rndis.c:1105:16: warning: unused variable 'flags' [-Wunused-variable]
        unsigned long flags;
                      ^
../drivers/usb/gadget/function/rndis.c:1144:16: warning: unused variable 'flags' [-Wunused-variable]
        unsigned long flags;
                      ^
2 warnings generated.
  CC      drivers/staging/qcacld-3.0/core/hdd/src/wlan_hdd_green_ap.o
  CC      drivers/usb/gadget/function/f_ncm.o
  CC      drivers/staging/qcacld-3.0/core/hdd/src/wlan_hdd_apf.o
  CC      drivers/staging/qcacld-3.0/core/hdd/src/wlan_hdd_lpass.o
  CC      drivers/usb/gadget/function/f_mass_storage.o
  CC      drivers/usb/gadget/function/storage_common.o
  CC      drivers/staging/qcacld-3.0/core/hdd/src/wlan_hdd_napi.o
  CC      drivers/staging/qcacld-3.0/core/hdd/src/wlan_hdd_ipa.o
  CC      drivers/usb/gadget/function/f_fs.o
  CC      drivers/usb/gadget/function/f_midi.o
  CC      drivers/staging/qcacld-3.0/core/hdd/src/wlan_hdd_nan.o
  CC      drivers/usb/gadget/function/f_hid.o
  CC      drivers/usb/gadget/function/f_mtp.o
  CC      drivers/usb/gadget/function/f_ptp.o
  CC      drivers/usb/gadget/function/f_audio_source.o
  CC      drivers/usb/gadget/function/f_accessory.o
  CC      drivers/staging/qcacld-3.0/core/hdd/src/wlan_hdd_tdls.o
  CC      drivers/usb/gadget/function/f_diag.o
  CC      drivers/usb/gadget/function/f_cdev.o
  CC      drivers/staging/qcacld-3.0/core/hdd/src/wlan_hdd_tsf.o
  LD      drivers/usb/gadget/libcomposite.o
  CC      drivers/staging/qcacld-3.0/core/hdd/src/wlan_hdd_conc_ut.o
  CC      drivers/usb/gadget/function/f_ccid.o
  CC      drivers/usb/gadget/function/f_gsi.o
  CC      drivers/usb/gadget/function/f_qdss.o
  CC      drivers/staging/qcacld-3.0/core/hdd/src/wlan_hdd_disa.o
  CC      drivers/usb/host/pci-quirks.o
  CC      drivers/usb/gadget/function/u_qdss.o
  LD      drivers/usb/gadget/function/usb_f_ncm.o
  LD      drivers/usb/gadget/function/usb_f_mass_storage.o
  LD      drivers/usb/gadget/function/usb_f_fs.o
  LD      drivers/usb/gadget/function/usb_f_midi.o
  LD      drivers/usb/gadget/function/usb_f_hid.o
  LD      drivers/usb/gadget/function/usb_f_mtp.o
  LD      drivers/usb/gadget/function/usb_f_ptp.o
  LD      drivers/usb/gadget/function/usb_f_audio_source.o
  LD      drivers/usb/gadget/function/usb_f_accessory.o
  LD      drivers/usb/gadget/function/usb_f_diag.o
  LD      drivers/usb/gadget/function/usb_f_cdev.o
  CC      drivers/usb/host/xhci.o
  LD      drivers/usb/gadget/function/usb_f_ccid.o
  LD      drivers/usb/gadget/function/usb_f_gsi.o
  LD      drivers/usb/gadget/function/usb_f_qdss.o
  LD      drivers/usb/gadget/function/built-in.o
  LD      drivers/usb/gadget/built-in.o
  CC      drivers/usb/isp1760/isp1760-core.o
  CC      drivers/staging/qcacld-3.0/core/hdd/src/wlan_hdd_subnet_detect.o
  CC      drivers/usb/isp1760/isp1760-if.o
  CC      drivers/usb/isp1760/isp1760-hcd.o
  CC      drivers/usb/host/xhci-mem.o
  CC      drivers/staging/qcacld-3.0/core/hdd/src/wlan_hdd_nan_datapath.o
  LD      drivers/usb/isp1760/isp1760.o
  LD      drivers/usb/isp1760/built-in.o
  LD      drivers/usb/misc/built-in.o
  CC      drivers/usb/pd/policy_engine.o
  CC      drivers/usb/host/xhci-ring.o
  CC      drivers/usb/host/xhci-hub.o
  CC      drivers/staging/qcacld-3.0/core/hdd/src/wlan_hdd_twt.o
  CC      drivers/usb/host/xhci-dbg.o
  CC      drivers/usb/pd/qpnp-pdphy.o
  CC      drivers/usb/host/xhci-trace.o
  CC      drivers/usb/host/xhci-pci.o
  CC      drivers/usb/host/xhci-plat.o
  CC      drivers/staging/qcacld-3.0/core/hdd/src/wlan_hdd_sysfs.o
  LD      drivers/usb/pd/built-in.o
  CC      drivers/usb/phy/phy.o
  CC      drivers/staging/qcacld-3.0/core/hdd/src/wlan_hdd_bcn_recv.o
  LD      drivers/usb/host/xhci-hcd.o
  LD      drivers/usb/host/xhci-plat-hcd.o
  LD      drivers/usb/host/built-in.o
  CC      drivers/usb/storage/scsiglue.o
  CC      drivers/usb/phy/of.o
  CC      drivers/staging/qcacld-3.0/core/hdd/src/wlan_hdd_hang_event.o
  CC      drivers/usb/phy/class-dual-role.o
  CC      drivers/usb/storage/protocol.o
  CC      drivers/usb/phy/phy-generic.o
  CC      drivers/usb/phy/phy-msm-ssusb-qmp.o
  CC      drivers/usb/storage/transport.o
  CC      drivers/usb/phy/phy-msm-qusb.o
  CC      drivers/usb/phy/phy-msm-qusb-v2.o
  CC      drivers/staging/qcacld-3.0/core/mac/src/cfg/cfg_api.o
  CC      drivers/staging/qcacld-3.0/core/mac/src/cfg/cfg_param_name.o
  CC      drivers/usb/storage/usb.o
  LD      drivers/usb/phy/built-in.o
  CC      drivers/staging/qcacld-3.0/core/mac/src/cfg/cfg_proc_msg.o
  CC      drivers/usb/storage/initializers.o
  CC      drivers/staging/qcacld-3.0/core/mac/src/cfg/cfg_send_msg.o
  CC      drivers/usb/storage/sierra_ms.o
  CC      drivers/staging/qcacld-3.0/core/mac/src/dph/dph_hash_table.o
  CC      drivers/usb/storage/option_ms.o
  CC      drivers/staging/qcacld-3.0/core/mac/src/pe/lim/lim_aid_mgmt.o
  CC      drivers/usb/storage/usual-tables.o
  CC      drivers/staging/qcacld-3.0/core/mac/src/pe/lim/lim_admit_control.o
  LD      drivers/usb/storage/usb-storage.o
  LD      drivers/usb/storage/built-in.o
  LD      drivers/usb/built-in.o
  CC      drivers/staging/qcacld-3.0/core/mac/src/pe/lim/lim_api.o
  CC      drivers/staging/qcacld-3.0/core/mac/src/pe/lim/lim_assoc_utils.o
  CC      drivers/staging/qcacld-3.0/core/mac/src/pe/lim/lim_ft.o
  CC      drivers/staging/qcacld-3.0/core/mac/src/pe/lim/lim_ibss_peer_mgmt.o
  CC      drivers/staging/qcacld-3.0/core/mac/src/pe/lim/lim_link_monitoring_algo.o
  CC      drivers/staging/qcacld-3.0/core/mac/src/pe/lim/lim_process_action_frame.o
  CC      drivers/staging/qcacld-3.0/core/mac/src/pe/lim/lim_process_assoc_req_frame.o
  CC      drivers/staging/qcacld-3.0/core/mac/src/pe/lim/lim_process_assoc_rsp_frame.o
  CC      drivers/staging/qcacld-3.0/core/mac/src/pe/lim/lim_process_auth_frame.o
  CC      drivers/staging/qcacld-3.0/core/mac/src/pe/lim/lim_process_beacon_frame.o
  CC      drivers/staging/qcacld-3.0/core/mac/src/pe/lim/lim_process_cfg_updates.o
  CC      drivers/staging/qcacld-3.0/core/mac/src/pe/lim/lim_process_deauth_frame.o
  CC      drivers/staging/qcacld-3.0/core/mac/src/pe/lim/lim_process_disassoc_frame.o
  CC      drivers/staging/qcacld-3.0/core/mac/src/pe/lim/lim_process_message_queue.o
  CC      drivers/staging/qcacld-3.0/core/mac/src/pe/lim/lim_process_mlm_req_messages.o
  CC      drivers/staging/qcacld-3.0/core/mac/src/pe/lim/lim_process_mlm_rsp_messages.o
  CC      drivers/staging/qcacld-3.0/core/mac/src/pe/lim/lim_process_probe_req_frame.o
  CC      drivers/staging/qcacld-3.0/core/mac/src/pe/lim/lim_process_probe_rsp_frame.o
  CC      drivers/staging/qcacld-3.0/core/mac/src/pe/lim/lim_process_sme_req_messages.o
  CC      drivers/staging/qcacld-3.0/core/mac/src/pe/lim/lim_prop_exts_utils.o
  CC      drivers/staging/qcacld-3.0/core/mac/src/pe/lim/lim_scan_result_utils.o
  CC      drivers/staging/qcacld-3.0/core/mac/src/pe/lim/lim_security_utils.o
  CC      drivers/staging/qcacld-3.0/core/mac/src/pe/lim/lim_send_management_frames.o
  CC      drivers/staging/qcacld-3.0/core/mac/src/pe/lim/lim_send_messages.o
  CC      drivers/staging/qcacld-3.0/core/mac/src/pe/lim/lim_send_sme_rsp_messages.o
  CC      drivers/staging/qcacld-3.0/core/mac/src/pe/lim/lim_ser_des_utils.o
  CC      drivers/staging/qcacld-3.0/core/mac/src/pe/lim/lim_session.o
  CC      drivers/staging/qcacld-3.0/core/mac/src/pe/lim/lim_session_utils.o
  CC      drivers/staging/qcacld-3.0/core/mac/src/pe/lim/lim_sme_req_utils.o
  CC      drivers/staging/qcacld-3.0/core/mac/src/pe/lim/lim_sta_hash_api.o
  CC      drivers/staging/qcacld-3.0/core/mac/src/pe/lim/lim_timer_utils.o
  CC      drivers/staging/qcacld-3.0/core/mac/src/pe/lim/lim_trace.o
  CC      drivers/staging/qcacld-3.0/core/mac/src/pe/lim/lim_utils.o
  CC      drivers/staging/qcacld-3.0/core/mac/src/pe/lim/lim_process_tdls.o
  CC      drivers/staging/qcacld-3.0/core/mac/src/pe/lim/lim_process_fils.o
  CC      drivers/staging/qcacld-3.0/core/mac/src/pe/lim/lim_process_mlm_host_roam.o
  CC      drivers/staging/qcacld-3.0/core/mac/src/pe/lim/lim_send_frames_host_roam.o
  CC      drivers/staging/qcacld-3.0/core/mac/src/pe/lim/lim_roam_timer_utils.o
  CC      drivers/staging/qcacld-3.0/core/mac/src/pe/lim/lim_ft_preauth.o
  CC      drivers/staging/qcacld-3.0/core/mac/src/pe/lim/lim_reassoc_utils.o
  CC      drivers/staging/qcacld-3.0/core/mac/src/pe/sch/sch_api.o
  CC      drivers/staging/qcacld-3.0/core/mac/src/pe/sch/sch_beacon_gen.o
  CC      drivers/staging/qcacld-3.0/core/mac/src/pe/sch/sch_beacon_process.o
  CC      drivers/staging/qcacld-3.0/core/mac/src/pe/sch/sch_message.o
  CC      drivers/staging/qcacld-3.0/core/mac/src/pe/rrm/rrm_api.o
  CC      drivers/staging/qcacld-3.0/core/mac/src/pe/nan/nan_datapath.o
  CC      drivers/staging/qcacld-3.0/core/sap/src/sap_api_link_cntl.o
  CC      drivers/staging/qcacld-3.0/core/sap/src/sap_ch_select.o
  CC      drivers/staging/qcacld-3.0/core/sap/src/sap_fsm.o
  CC      drivers/staging/qcacld-3.0/core/sap/src/sap_module.o
  CC      drivers/staging/qcacld-3.0/core/sme/src/common/sme_api.o
  CC      drivers/staging/qcacld-3.0/core/sme/src/common/sme_ft_api.o
  CC      drivers/staging/qcacld-3.0/core/sme/src/common/sme_power_save.o
  CC      drivers/staging/qcacld-3.0/core/sme/src/common/sme_trace.o
  CC      drivers/staging/qcacld-3.0/core/sme/src/csr/csr_api_roam.o
  CC      drivers/staging/qcacld-3.0/core/sme/src/csr/csr_api_scan.o
  CC      drivers/staging/qcacld-3.0/core/sme/src/csr/csr_cmd_process.o
  CC      drivers/staging/qcacld-3.0/core/sme/src/csr/csr_link_list.o
  CC      drivers/staging/qcacld-3.0/core/sme/src/csr/csr_neighbor_roam.o
  CC      drivers/staging/qcacld-3.0/core/sme/src/csr/csr_util.o
  CC      drivers/staging/qcacld-3.0/core/sme/src/csr/csr_roam_preauth.o
  CC      drivers/staging/qcacld-3.0/core/sme/src/csr/csr_host_scan_roam.o
  CC      drivers/staging/qcacld-3.0/core/sme/src/qos/sme_qos.o
  CC      drivers/staging/qcacld-3.0/core/sme/src/rrm/sme_rrm.o
  CC      drivers/staging/qcacld-3.0/core/sme/src/nan/nan_api.o
  CC      drivers/staging/qcacld-3.0/core/sme/src/nan/nan_datapath_api.o
  CC      drivers/staging/qcacld-3.0/core/mac/src/sys/common/src/wlan_qct_sys.o
  CC      drivers/staging/qcacld-3.0/core/mac/src/sys/legacy/src/platform/src/sys_wrapper.o
  CC      drivers/staging/qcacld-3.0/core/mac/src/sys/legacy/src/system/src/mac_init_api.o
  CC      drivers/staging/qcacld-3.0/core/mac/src/sys/legacy/src/system/src/sys_entry_func.o
  CC      drivers/staging/qcacld-3.0/core/mac/src/sys/legacy/src/utils/src/dot11f.o
  CC      drivers/staging/qcacld-3.0/core/mac/src/sys/legacy/src/utils/src/mac_trace.o
  CC      drivers/staging/qcacld-3.0/core/mac/src/sys/legacy/src/utils/src/parser_api.o
  CC      drivers/staging/qcacld-3.0/core/mac/src/sys/legacy/src/utils/src/utils_parser.o
  CC      drivers/staging/qcacld-3.0/../qca-wifi-host-cmn/qdf/linux/src/qdf_defer.o
  CC      drivers/staging/qcacld-3.0/../qca-wifi-host-cmn/qdf/linux/src/qdf_event.o
  CC      drivers/staging/qcacld-3.0/../qca-wifi-host-cmn/qdf/linux/src/qdf_file.o
  CC      drivers/staging/qcacld-3.0/../qca-wifi-host-cmn/qdf/linux/src/qdf_func_tracker.o
  CC      drivers/staging/qcacld-3.0/../qca-wifi-host-cmn/qdf/linux/src/qdf_list.o
  CC      drivers/staging/qcacld-3.0/../qca-wifi-host-cmn/qdf/linux/src/qdf_lock.o
  CC      drivers/staging/qcacld-3.0/../qca-wifi-host-cmn/qdf/linux/src/qdf_mc_timer.o
  CC      drivers/staging/qcacld-3.0/../qca-wifi-host-cmn/qdf/linux/src/qdf_mem.o
  CC      drivers/staging/qcacld-3.0/../qca-wifi-host-cmn/qdf/linux/src/qdf_nbuf.o
  CC      drivers/staging/qcacld-3.0/../qca-wifi-host-cmn/qdf/linux/src/qdf_threads.o
  CC      drivers/staging/qcacld-3.0/../qca-wifi-host-cmn/qdf/linux/src/qdf_crypto.o
  CC      drivers/staging/qcacld-3.0/../qca-wifi-host-cmn/qdf/linux/src/qdf_trace.o
  CC      drivers/staging/qcacld-3.0/../qca-wifi-host-cmn/qdf/linux/src/qdf_idr.o
  CC      drivers/staging/qcacld-3.0/../qca-wifi-host-cmn/qdf/src/qdf_flex_mem.o
  CC      drivers/staging/qcacld-3.0/../qca-wifi-host-cmn/qdf/src/qdf_parse.o
  CC      drivers/staging/qcacld-3.0/../qca-wifi-host-cmn/qdf/src/qdf_platform.o
  CC      drivers/staging/qcacld-3.0/../qca-wifi-host-cmn/qdf/src/qdf_str.o
  CC      drivers/staging/qcacld-3.0/../qca-wifi-host-cmn/qdf/src/qdf_types.o
  CC      drivers/staging/qcacld-3.0/../qca-wifi-host-cmn/qdf/linux/src/qdf_debugfs.o
  CC      drivers/staging/qcacld-3.0/../qca-wifi-host-cmn/qdf/linux/src/qdf_ipa.o
  CC      drivers/staging/qcacld-3.0/../qca-wifi-host-cmn/qdf/src/qdf_cpuhp.o
  CC      drivers/staging/qcacld-3.0/../qca-wifi-host-cmn/qdf/linux/src/qdf_cpuhp.o
  CC      drivers/staging/qcacld-3.0/../qca-wifi-host-cmn/qdf/src/qdf_notifier.o
  CC      drivers/staging/qcacld-3.0/../qca-wifi-host-cmn/qdf/src/qdf_hang_event_notifier.o
  CC      drivers/staging/qcacld-3.0/../qca-wifi-host-cmn/wbuff/src/wbuff.o
  CC      drivers/staging/qcacld-3.0/core/cds/src/cds_api.o
  CC      drivers/staging/qcacld-3.0/core/cds/src/cds_reg_service.o
  CC      drivers/staging/qcacld-3.0/core/cds/src/cds_packet.o
  CC      drivers/staging/qcacld-3.0/core/cds/src/cds_regdomain.o
  CC      drivers/staging/qcacld-3.0/core/cds/src/cds_sched.o
  CC      drivers/staging/qcacld-3.0/core/cds/src/cds_utils.o
  CC      drivers/staging/qcacld-3.0/../qca-wifi-host-cmn/ftm/dispatcher/src/wlan_ftm_init_deinit.o
  CC      drivers/staging/qcacld-3.0/../qca-wifi-host-cmn/ftm/dispatcher/src/wlan_ftm_ucfg_api.o
  CC      drivers/staging/qcacld-3.0/../qca-wifi-host-cmn/ftm/core/src/wlan_ftm_svc.o
  CC      drivers/staging/qcacld-3.0/../qca-wifi-host-cmn/os_if/linux/ftm/src/wlan_cfg80211_ftm.o
  CC      drivers/staging/qcacld-3.0/../qca-wifi-host-cmn/target_if/ftm/src/target_if_ftm.o
  CC      drivers/staging/qcacld-3.0/core/wma/src/wma_main.o
  CC      drivers/staging/qcacld-3.0/core/wma/src/wma_scan_roam.o
  CC      drivers/staging/qcacld-3.0/core/wma/src/wma_dev_if.o
  CC      drivers/staging/qcacld-3.0/core/wma/src/wma_mgmt.o
  CC      drivers/staging/qcacld-3.0/core/wma/src/wma_power.o
  CC      drivers/staging/qcacld-3.0/core/wma/src/wma_data.o
  CC      drivers/staging/qcacld-3.0/core/wma/src/wma_utils.o
  CC      drivers/staging/qcacld-3.0/core/wma/src/wma_features.o
  CC      drivers/staging/qcacld-3.0/core/wma/src/wlan_qct_wma_legacy.o
  CC      drivers/staging/qcacld-3.0/core/wma/src/wma_nan_datapath.o
  CC      drivers/staging/qcacld-3.0/core/wma/src/wma_fips_api.o
  CC      drivers/staging/qcacld-3.0/core/wma/src/wma_utils_ut.o
  CC      drivers/staging/qcacld-3.0/core/wma/src/wma_twt.o
  CC      drivers/staging/qcacld-3.0/core/wma/src/wma_coex.o
  CC      drivers/staging/qcacld-3.0/core/dp/txrx/ol_txrx.o
  CC      drivers/staging/qcacld-3.0/core/dp/txrx/ol_cfg.o
  CC      drivers/staging/qcacld-3.0/core/dp/txrx/ol_rx.o
  CC      drivers/staging/qcacld-3.0/core/dp/txrx/ol_rx_fwd.o
  CC      drivers/staging/qcacld-3.0/core/dp/txrx/ol_rx_defrag.o
  CC      drivers/staging/qcacld-3.0/core/dp/txrx/ol_tx_desc.o
  CC      drivers/staging/qcacld-3.0/core/dp/txrx/ol_tx.o
  CC      drivers/staging/qcacld-3.0/core/dp/txrx/ol_rx_reorder_timeout.o
  CC      drivers/staging/qcacld-3.0/core/dp/txrx/ol_rx_reorder.o
  CC      drivers/staging/qcacld-3.0/core/dp/txrx/ol_rx_pn.o
  CC      drivers/staging/qcacld-3.0/core/dp/txrx/ol_tx_queue.o
  CC      drivers/staging/qcacld-3.0/core/dp/txrx/ol_txrx_peer_find.o
  CC      drivers/staging/qcacld-3.0/core/dp/txrx/ol_txrx_encap.o
  CC      drivers/staging/qcacld-3.0/core/dp/txrx/ol_tx_send.o
  CC      drivers/staging/qcacld-3.0/core/dp/txrx/ol_tx_sched.o
  CC      drivers/staging/qcacld-3.0/core/dp/txrx/ol_tx_classify.o
  CC      drivers/staging/qcacld-3.0/core/dp/txrx/ol_txrx_event.o
  CC      drivers/staging/qcacld-3.0/core/dp/txrx/ol_txrx_flow_control.o
  CC      drivers/staging/qcacld-3.0/core/dp/txrx/ol_txrx_ipa.o
  CC      drivers/staging/qcacld-3.0/core/dp/txrx/ol_tx_ll_fastpath.o
  CC      drivers/staging/qcacld-3.0/../qca-wifi-host-cmn/wmi/src/wmi_unified.o
  CC      drivers/staging/qcacld-3.0/../qca-wifi-host-cmn/wmi/src/wmi_tlv_helper.o
  CC      drivers/staging/qcacld-3.0/../qca-wifi-host-cmn/wmi/src/wmi_unified_tlv.o
  CC      drivers/staging/qcacld-3.0/../qca-wifi-host-cmn/wmi/src/wmi_unified_api.o
  CC      drivers/staging/qcacld-3.0/../qca-wifi-host-cmn/wmi/src/wmi_unified_reg_api.o
  CC      drivers/staging/qcacld-3.0/../qca-wifi-host-cmn/wmi/src/wmi_unified_pmo_api.o
  CC      drivers/staging/qcacld-3.0/../qca-wifi-host-cmn/wmi/src/wmi_unified_apf_tlv.o
  CC      drivers/staging/qcacld-3.0/../qca-wifi-host-cmn/wmi/src/wmi_unified_action_oui_tlv.o
  CC      drivers/staging/qcacld-3.0/../qca-wifi-host-cmn/wmi/src/wmi_unified_dfs_api.o
  CC      drivers/staging/qcacld-3.0/../qca-wifi-host-cmn/wmi/src/wmi_unified_twt_api.o
  CC      drivers/staging/qcacld-3.0/../qca-wifi-host-cmn/wmi/src/wmi_unified_twt_tlv.o
  CC      drivers/staging/qcacld-3.0/../qca-wifi-host-cmn/wmi/src/wmi_unified_extscan_api.o
  CC      drivers/staging/qcacld-3.0/../qca-wifi-host-cmn/wmi/src/wmi_unified_extscan_tlv.o
  CC      drivers/staging/qcacld-3.0/../qca-wifi-host-cmn/wmi/src/wmi_hang_event.o
  CC      drivers/staging/qcacld-3.0/../qca-wifi-host-cmn/htc/htc.o
  CC      drivers/staging/qcacld-3.0/../qca-wifi-host-cmn/htc/htc_send.o
  CC      drivers/staging/qcacld-3.0/../qca-wifi-host-cmn/htc/htc_recv.o
  CC      drivers/staging/qcacld-3.0/../qca-wifi-host-cmn/htc/htc_services.o
  CC      drivers/staging/qcacld-3.0/../qca-wifi-host-cmn/htc/htc_credit_history.o
  CC      drivers/staging/qcacld-3.0/../qca-wifi-host-cmn/htc/htc_hang_event.o
  CC      drivers/staging/qcacld-3.0/../qca-wifi-host-cmn/init_deinit/dispatcher/src/dispatcher_init_deinit.o
  CC      drivers/staging/qcacld-3.0/../qca-wifi-host-cmn/scheduler/src/scheduler_api.o
  CC      drivers/staging/qcacld-3.0/../qca-wifi-host-cmn/scheduler/src/scheduler_core.o
  CC      drivers/staging/qcacld-3.0/../qca-wifi-host-cmn/umac/regulatory/core/src/reg_db.o
  CC      drivers/staging/qcacld-3.0/../qca-wifi-host-cmn/umac/regulatory/core/src/reg_services.o
  CC      drivers/staging/qcacld-3.0/../qca-wifi-host-cmn/umac/regulatory/core/src/reg_db_parser.o
  CC      drivers/staging/qcacld-3.0/../qca-wifi-host-cmn/umac/regulatory/dispatcher/src/wlan_reg_services_api.o
  CC      drivers/staging/qcacld-3.0/../qca-wifi-host-cmn/umac/regulatory/dispatcher/src/wlan_reg_tgt_api.o
  CC      drivers/staging/qcacld-3.0/../qca-wifi-host-cmn/umac/regulatory/dispatcher/src/wlan_reg_ucfg_api.o
  CC      drivers/staging/qcacld-3.0/../qca-wifi-host-cmn/hif/src/hif_napi.o
  CC      drivers/staging/qcacld-3.0/../qca-wifi-host-cmn/hif/src/dispatcher/multibus.o
  CC      drivers/staging/qcacld-3.0/../qca-wifi-host-cmn/hif/src/dispatcher/dummy.o
  CC      drivers/staging/qcacld-3.0/../qca-wifi-host-cmn/hif/src/ath_procfs.o
  CC      drivers/staging/qcacld-3.0/../qca-wifi-host-cmn/hif/src/hif_main.o
  CC      drivers/staging/qcacld-3.0/../qca-wifi-host-cmn/hif/src/mp_dev.o
  CC      drivers/staging/qcacld-3.0/../qca-wifi-host-cmn/hif/src/hif_exec.o
  CC      drivers/staging/qcacld-3.0/../qca-wifi-host-cmn/hif/src/hif_irq_affinity.o
  CC      drivers/staging/qcacld-3.0/../qca-wifi-host-cmn/hif/src/snoc/if_snoc.o
  CC      drivers/staging/qcacld-3.0/../qca-wifi-host-cmn/hif/src/ce/ce_bmi.o
  CC      drivers/staging/qcacld-3.0/../qca-wifi-host-cmn/hif/src/ce/ce_diag.o
  CC      drivers/staging/qcacld-3.0/../qca-wifi-host-cmn/hif/src/ce/ce_main.o
  CC      drivers/staging/qcacld-3.0/../qca-wifi-host-cmn/hif/src/ce/ce_service.o
  CC      drivers/staging/qcacld-3.0/../qca-wifi-host-cmn/hif/src/ce/ce_tasklet.o
  CC      drivers/staging/qcacld-3.0/../qca-wifi-host-cmn/hif/src/regtable.o
  CC      drivers/staging/qcacld-3.0/../qca-wifi-host-cmn/hif/src/dispatcher/multibus_snoc.o
  CC      drivers/staging/qcacld-3.0/core/bmi/src/bmi.o
  CC      drivers/staging/qcacld-3.0/core/bmi/src/ol_fw.o
  CC      drivers/staging/qcacld-3.0/core/bmi/src/ol_fw_common.o
  CC      drivers/staging/qcacld-3.0/core/bmi/src/bmi_1.o
  CC      drivers/staging/qcacld-3.0/core/dp/htt/htt_tx.o
  CC      drivers/staging/qcacld-3.0/core/dp/htt/htt.o
  CC      drivers/staging/qcacld-3.0/core/dp/htt/htt_t2h.o
  CC      drivers/staging/qcacld-3.0/core/dp/htt/htt_h2t.o
  CC      drivers/staging/qcacld-3.0/core/dp/htt/htt_fw_stats.o
  CC      drivers/staging/qcacld-3.0/core/dp/htt/htt_rx.o
  CC      drivers/staging/qcacld-3.0/core/dp/htt/htt_monitor_rx.o
  CC      drivers/staging/qcacld-3.0/../qca-wifi-host-cmn/os_if/linux/p2p/src/wlan_cfg80211_p2p.o
  CC      drivers/staging/qcacld-3.0/../qca-wifi-host-cmn/os_if/linux/wlan_osif_request_manager.o
  CC      drivers/staging/qcacld-3.0/../qca-wifi-host-cmn/target_if/core/src/target_if_main.o
  CC      drivers/staging/qcacld-3.0/../qca-wifi-host-cmn/target_if/p2p/src/target_if_p2p.o
  CC      drivers/staging/qcacld-3.0/../qca-wifi-host-cmn/target_if/regulatory/src/target_if_reg.o
  CC      drivers/staging/qcacld-3.0/../qca-wifi-host-cmn/target_if/tdls/src/target_if_tdls.o
  CC      drivers/staging/qcacld-3.0/../qca-wifi-host-cmn/target_if/init_deinit/src/init_cmd_api.o
  CC      drivers/staging/qcacld-3.0/../qca-wifi-host-cmn/target_if/init_deinit/src/init_deinit_lmac.o
  CC      drivers/staging/qcacld-3.0/../qca-wifi-host-cmn/target_if/init_deinit/src/init_event_handler.o
  CC      drivers/staging/qcacld-3.0/../qca-wifi-host-cmn/target_if/init_deinit/src/service_ready_util.o
  CC      drivers/staging/qcacld-3.0/components/target_if/pmo/src/target_if_pmo_arp.o
  CC      drivers/staging/qcacld-3.0/components/target_if/pmo/src/target_if_pmo_gtk.o
  CC      drivers/staging/qcacld-3.0/components/target_if/pmo/src/target_if_pmo_hw_filter.o
  CC      drivers/staging/qcacld-3.0/components/target_if/pmo/src/target_if_pmo_lphb.o
  CC      drivers/staging/qcacld-3.0/components/target_if/pmo/src/target_if_pmo_main.o
  CC      drivers/staging/qcacld-3.0/components/target_if/pmo/src/target_if_pmo_mc_addr_filtering.o
  CC      drivers/staging/qcacld-3.0/components/target_if/pmo/src/target_if_pmo_ns.o
  CC      drivers/staging/qcacld-3.0/components/target_if/pmo/src/target_if_pmo_pkt_filter.o
  CC      drivers/staging/qcacld-3.0/components/target_if/pmo/src/target_if_pmo_static_config.o
  CC      drivers/staging/qcacld-3.0/components/target_if/pmo/src/target_if_pmo_suspend_resume.o
  CC      drivers/staging/qcacld-3.0/components/target_if/pmo/src/target_if_pmo_wow.o
  CC      drivers/staging/qcacld-3.0/components/target_if/disa/src/target_if_disa.o
  CC      drivers/staging/qcacld-3.0/components/target_if/ipa/src/target_if_ipa.o
  CC      drivers/staging/qcacld-3.0/components/target_if/action_oui/src/target_if_action_oui.o
  CC      drivers/staging/qcacld-3.0/../qca-wifi-host-cmn/global_lmac_if/src/wlan_global_lmac_if.o
  CC      drivers/staging/qcacld-3.0/../qca-wifi-host-cmn/utils/epping/src/epping_main.o
  CC      drivers/staging/qcacld-3.0/../qca-wifi-host-cmn/utils/epping/src/epping_txrx.o
  CC      drivers/staging/qcacld-3.0/../qca-wifi-host-cmn/utils/epping/src/epping_tx.o
  CC      drivers/staging/qcacld-3.0/../qca-wifi-host-cmn/utils/epping/src/epping_rx.o
  CC      drivers/staging/qcacld-3.0/../qca-wifi-host-cmn/utils/epping/src/epping_helper.o
  CC      drivers/staging/qcacld-3.0/../qca-wifi-host-cmn/umac/dfs/core/src/misc/dfs.o
  CC      drivers/staging/qcacld-3.0/../qca-wifi-host-cmn/umac/dfs/core/src/misc/dfs_cac.o
  CC      drivers/staging/qcacld-3.0/../qca-wifi-host-cmn/umac/dfs/core/src/misc/dfs_nol.o
  CC      drivers/staging/qcacld-3.0/../qca-wifi-host-cmn/umac/dfs/core/src/misc/dfs_random_chan_sel.o
  CC      drivers/staging/qcacld-3.0/../qca-wifi-host-cmn/umac/dfs/core/src/misc/dfs_process_radar_found_ind.o
  CC      drivers/staging/qcacld-3.0/../qca-wifi-host-cmn/umac/dfs/dispatcher/src/wlan_dfs_init_deinit_api.o
  CC      drivers/staging/qcacld-3.0/../qca-wifi-host-cmn/umac/dfs/dispatcher/src/wlan_dfs_lmac_api.o
  CC      drivers/staging/qcacld-3.0/../qca-wifi-host-cmn/umac/dfs/dispatcher/src/wlan_dfs_mlme_api.o
  CC      drivers/staging/qcacld-3.0/../qca-wifi-host-cmn/umac/dfs/dispatcher/src/wlan_dfs_tgt_api.o
  CC      drivers/staging/qcacld-3.0/../qca-wifi-host-cmn/umac/dfs/dispatcher/src/wlan_dfs_ucfg_api.o
  CC      drivers/staging/qcacld-3.0/../qca-wifi-host-cmn/umac/dfs/dispatcher/src/wlan_dfs_utils_api.o
  CC      drivers/staging/qcacld-3.0/../qca-wifi-host-cmn/target_if/dfs/src/target_if_dfs.o
  CC      drivers/staging/qcacld-3.0/../qca-wifi-host-cmn/target_if/dfs/src/target_if_dfs_partial_offload.o
  CC      drivers/staging/qcacld-3.0/../qca-wifi-host-cmn/umac/dfs/core/src/filtering/dfs_fcc_bin5.o
  CC      drivers/staging/qcacld-3.0/../qca-wifi-host-cmn/umac/dfs/core/src/filtering/dfs_bindetects.o
  CC      drivers/staging/qcacld-3.0/../qca-wifi-host-cmn/umac/dfs/core/src/filtering/dfs_debug.o
  CC      drivers/staging/qcacld-3.0/../qca-wifi-host-cmn/umac/dfs/core/src/filtering/dfs_init.o
  CC      drivers/staging/qcacld-3.0/../qca-wifi-host-cmn/umac/dfs/core/src/filtering/dfs_misc.o
  CC      drivers/staging/qcacld-3.0/../qca-wifi-host-cmn/umac/dfs/core/src/filtering/dfs_phyerr_tlv.o
  CC      drivers/staging/qcacld-3.0/../qca-wifi-host-cmn/umac/dfs/core/src/filtering/dfs_process_phyerr.o
  CC      drivers/staging/qcacld-3.0/../qca-wifi-host-cmn/umac/dfs/core/src/filtering/dfs_process_radarevent.o
  CC      drivers/staging/qcacld-3.0/../qca-wifi-host-cmn/umac/dfs/core/src/filtering/dfs_staggered.o
  CC      drivers/staging/qcacld-3.0/../qca-wifi-host-cmn/umac/dfs/core/src/filtering/dfs_radar.o
  CC      drivers/staging/qcacld-3.0/../qca-wifi-host-cmn/umac/dfs/core/src/filtering/dfs_ar.o
  CC      drivers/staging/qcacld-3.0/../qca-wifi-host-cmn/umac/dfs/core/src/filtering/dfs_partial_offload_radar.o
  CC      drivers/staging/qcacld-3.0/../qca-wifi-host-cmn/umac/dfs/core/src/misc/dfs_filter_init.o
  CC      drivers/staging/qcacld-3.0/../qca-wifi-host-cmn/umac/dfs/core/src/misc/dfs_zero_cac.o
  CC      drivers/staging/qcacld-3.0/../qca-wifi-host-cmn/umac/cmn_services/obj_mgr/src/wlan_objmgr_global_obj.o
  CC      drivers/staging/qcacld-3.0/../qca-wifi-host-cmn/umac/cmn_services/obj_mgr/src/wlan_objmgr_pdev_obj.o
  CC      drivers/staging/qcacld-3.0/../qca-wifi-host-cmn/umac/cmn_services/obj_mgr/src/wlan_objmgr_peer_obj.o
  CC      drivers/staging/qcacld-3.0/../qca-wifi-host-cmn/umac/cmn_services/obj_mgr/src/wlan_objmgr_psoc_obj.o
  CC      drivers/staging/qcacld-3.0/../qca-wifi-host-cmn/umac/cmn_services/obj_mgr/src/wlan_objmgr_vdev_obj.o
  CC      drivers/staging/qcacld-3.0/../qca-wifi-host-cmn/umac/wifi_pos/src/wifi_pos_api.o
  CC      drivers/staging/qcacld-3.0/../qca-wifi-host-cmn/umac/wifi_pos/src/wifi_pos_main.o
  CC      drivers/staging/qcacld-3.0/../qca-wifi-host-cmn/umac/wifi_pos/src/wifi_pos_ucfg.o
  CC      drivers/staging/qcacld-3.0/../qca-wifi-host-cmn/umac/wifi_pos/src/wifi_pos_utils.o
  CC      drivers/staging/qcacld-3.0/../qca-wifi-host-cmn/os_if/linux/wifi_pos/src/os_if_wifi_pos.o
  CC      drivers/staging/qcacld-3.0/../qca-wifi-host-cmn/target_if/wifi_pos/src/target_if_wifi_pos.o
  CC      drivers/staging/qcacld-3.0/../qca-wifi-host-cmn/target_if/cp_stats/src/target_if_mc_cp_stats.o
  CC      drivers/staging/qcacld-3.0/../qca-wifi-host-cmn/umac/cp_stats/core/src/wlan_cp_stats_comp_handler.o
  CC      drivers/staging/qcacld-3.0/../qca-wifi-host-cmn/umac/cp_stats/core/src/wlan_cp_stats_obj_mgr_handler.o
  CC      drivers/staging/qcacld-3.0/../qca-wifi-host-cmn/umac/cp_stats/core/src/wlan_cp_stats_ol_api.o
  CC      drivers/staging/qcacld-3.0/../qca-wifi-host-cmn/os_if/linux/cp_stats/src/wlan_cfg80211_mc_cp_stats.o
  CC      drivers/staging/qcacld-3.0/../qca-wifi-host-cmn/umac/cp_stats/dispatcher/src/wlan_cp_stats_utils_api.o
  CC      drivers/staging/qcacld-3.0/../qca-wifi-host-cmn/umac/cp_stats/dispatcher/src/wlan_cp_stats_mc_tgt_api.o
  CC      drivers/staging/qcacld-3.0/../qca-wifi-host-cmn/umac/cp_stats/dispatcher/src/wlan_cp_stats_mc_ucfg_api.o
  CC      drivers/staging/qcacld-3.0/../qca-wifi-host-cmn/umac/nan/core/src/nan_main.o
  CC      drivers/staging/qcacld-3.0/../qca-wifi-host-cmn/umac/nan/core/src/nan_api.o
  CC      drivers/staging/qcacld-3.0/../qca-wifi-host-cmn/umac/nan/core/src/nan_utils.o
  CC      drivers/staging/qcacld-3.0/../qca-wifi-host-cmn/umac/nan/dispatcher/src/nan_ucfg_api.o
  CC      drivers/staging/qcacld-3.0/../qca-wifi-host-cmn/target_if/nan/src/target_if_nan.o
  CC      drivers/staging/qcacld-3.0/../qca-wifi-host-cmn/os_if/linux/nan/src/os_if_nan.o
  CC      drivers/staging/qcacld-3.0/../qca-wifi-host-cmn/umac/cmn_services/mgmt_txrx/core/src/wlan_mgmt_txrx_main.o
  CC      drivers/staging/qcacld-3.0/../qca-wifi-host-cmn/umac/cmn_services/mgmt_txrx/dispatcher/src/wlan_mgmt_txrx_utils_api.o
  CC      drivers/staging/qcacld-3.0/../qca-wifi-host-cmn/umac/cmn_services/mgmt_txrx/dispatcher/src/wlan_mgmt_txrx_tgt_api.o
  CC      drivers/staging/qcacld-3.0/../qca-wifi-host-cmn/umac/tdls/core/src/wlan_tdls_main.o
  CC      drivers/staging/qcacld-3.0/../qca-wifi-host-cmn/umac/tdls/core/src/wlan_tdls_cmds_process.o
  CC      drivers/staging/qcacld-3.0/../qca-wifi-host-cmn/umac/tdls/core/src/wlan_tdls_peer.o
  CC      drivers/staging/qcacld-3.0/../qca-wifi-host-cmn/umac/tdls/core/src/wlan_tdls_mgmt.o
  CC      drivers/staging/qcacld-3.0/../qca-wifi-host-cmn/umac/tdls/core/src/wlan_tdls_ct.o
  CC      drivers/staging/qcacld-3.0/../qca-wifi-host-cmn/umac/tdls/dispatcher/src/wlan_tdls_tgt_api.o
  CC      drivers/staging/qcacld-3.0/../qca-wifi-host-cmn/umac/tdls/dispatcher/src/wlan_tdls_ucfg_api.o
  CC      drivers/staging/qcacld-3.0/../qca-wifi-host-cmn/umac/tdls/dispatcher/src/wlan_tdls_utils_api.o
  CC      drivers/staging/qcacld-3.0/../qca-wifi-host-cmn/os_if/linux/tdls/src/wlan_cfg80211_tdls.o
  CC      drivers/staging/qcacld-3.0/components/pmo/core/src/wlan_pmo_main.o
  CC      drivers/staging/qcacld-3.0/components/pmo/core/src/wlan_pmo_apf.o
  CC      drivers/staging/qcacld-3.0/components/pmo/core/src/wlan_pmo_arp.o
  CC      drivers/staging/qcacld-3.0/components/pmo/core/src/wlan_pmo_ns.o
  CC      drivers/staging/qcacld-3.0/components/pmo/core/src/wlan_pmo_gtk.o
  CC      drivers/staging/qcacld-3.0/components/pmo/core/src/wlan_pmo_mc_addr_filtering.o
  CC      drivers/staging/qcacld-3.0/components/pmo/core/src/wlan_pmo_static_config.o
  CC      drivers/staging/qcacld-3.0/components/pmo/core/src/wlan_pmo_wow.o
  CC      drivers/staging/qcacld-3.0/components/pmo/core/src/wlan_pmo_lphb.o
  CC      drivers/staging/qcacld-3.0/components/pmo/core/src/wlan_pmo_suspend_resume.o
  CC      drivers/staging/qcacld-3.0/components/pmo/core/src/wlan_pmo_hw_filter.o
  CC      drivers/staging/qcacld-3.0/components/pmo/core/src/wlan_pmo_pkt_filter.o
  CC      drivers/staging/qcacld-3.0/components/pmo/dispatcher/src/wlan_pmo_obj_mgmt_api.o
  CC      drivers/staging/qcacld-3.0/components/pmo/dispatcher/src/wlan_pmo_ucfg_api.o
  CC      drivers/staging/qcacld-3.0/components/pmo/dispatcher/src/wlan_pmo_tgt_arp.o
  CC      drivers/staging/qcacld-3.0/components/pmo/dispatcher/src/wlan_pmo_tgt_ns.o
  CC      drivers/staging/qcacld-3.0/components/pmo/dispatcher/src/wlan_pmo_tgt_gtk.o
  CC      drivers/staging/qcacld-3.0/components/pmo/dispatcher/src/wlan_pmo_tgt_wow.o
  CC      drivers/staging/qcacld-3.0/components/pmo/dispatcher/src/wlan_pmo_tgt_static_config.o
  CC      drivers/staging/qcacld-3.0/components/pmo/dispatcher/src/wlan_pmo_tgt_mc_addr_filtering.o
  CC      drivers/staging/qcacld-3.0/components/pmo/dispatcher/src/wlan_pmo_tgt_lphb.o
  CC      drivers/staging/qcacld-3.0/components/pmo/dispatcher/src/wlan_pmo_tgt_suspend_resume.o
  CC      drivers/staging/qcacld-3.0/components/pmo/dispatcher/src/wlan_pmo_tgt_hw_filter.o
  CC      drivers/staging/qcacld-3.0/components/pmo/dispatcher/src/wlan_pmo_tgt_pkt_filter.o
  CC      drivers/staging/qcacld-3.0/../qca-wifi-host-cmn/umac/p2p/dispatcher/src/wlan_p2p_ucfg_api.o
  CC      drivers/staging/qcacld-3.0/../qca-wifi-host-cmn/umac/p2p/dispatcher/src/wlan_p2p_tgt_api.o
  CC      drivers/staging/qcacld-3.0/../qca-wifi-host-cmn/umac/p2p/core/src/wlan_p2p_main.o
  CC      drivers/staging/qcacld-3.0/../qca-wifi-host-cmn/umac/p2p/core/src/wlan_p2p_roc.o
  CC      drivers/staging/qcacld-3.0/../qca-wifi-host-cmn/umac/p2p/core/src/wlan_p2p_off_chan_tx.o
  CC      drivers/staging/qcacld-3.0/../qca-wifi-host-cmn/umac/cmn_services/policy_mgr/src/wlan_policy_mgr_action.o
  CC      drivers/staging/qcacld-3.0/../qca-wifi-host-cmn/umac/cmn_services/policy_mgr/src/wlan_policy_mgr_core.o
  CC      drivers/staging/qcacld-3.0/../qca-wifi-host-cmn/umac/cmn_services/policy_mgr/src/wlan_policy_mgr_get_set_utils.o
  CC      drivers/staging/qcacld-3.0/../qca-wifi-host-cmn/umac/cmn_services/policy_mgr/src/wlan_policy_mgr_init_deinit.o
  CC      drivers/staging/qcacld-3.0/../qca-wifi-host-cmn/umac/cmn_services/policy_mgr/src/wlan_policy_mgr_pcl.o
  CC      drivers/staging/qcacld-3.0/../qca-wifi-host-cmn/utils/logging/src/wlan_logging_sock_svc.o
  CC      drivers/staging/qcacld-3.0/../qca-wifi-host-cmn/utils/logging/src/wlan_roam_debug.o
  CC      drivers/staging/qcacld-3.0/../qca-wifi-host-cmn/utils/nlink/src/wlan_nlink_srv.o
  CC      drivers/staging/qcacld-3.0/../qca-wifi-host-cmn/utils/ptt/src/wlan_ptt_sock_svc.o
  CC      drivers/staging/qcacld-3.0/../qca-wifi-host-cmn/umac/cmn_services/serialization/src/wlan_serialization_dequeue.o
  CC      drivers/staging/qcacld-3.0/../qca-wifi-host-cmn/umac/cmn_services/serialization/src/wlan_serialization_enqueue.o
  CC      drivers/staging/qcacld-3.0/../qca-wifi-host-cmn/umac/cmn_services/serialization/src/wlan_serialization_main.o
  CC      drivers/staging/qcacld-3.0/../qca-wifi-host-cmn/umac/cmn_services/serialization/src/wlan_serialization_api.o
  CC      drivers/staging/qcacld-3.0/../qca-wifi-host-cmn/umac/cmn_services/serialization/src/wlan_serialization_utils.o
  CC      drivers/staging/qcacld-3.0/../qca-wifi-host-cmn/umac/cmn_services/serialization/src/wlan_serialization_legacy_api.o
  CC      drivers/staging/qcacld-3.0/../qca-wifi-host-cmn/umac/cmn_services/serialization/src/wlan_serialization_rules.o
  CC      drivers/staging/qcacld-3.0/core/pld/src/pld_common.o
  CC      drivers/staging/qcacld-3.0/core/pld/src/pld_snoc.o
  CC      drivers/staging/qcacld-3.0/components/mlme/core/src/wlan_mlme_main.o
  CC      drivers/staging/qcacld-3.0/components/mlme/dispatcher/src/wlan_mlme_ucfg_api.o
  CC      drivers/staging/qcacld-3.0/components/ipa/dispatcher/src/wlan_ipa_ucfg_api.o
  CC      drivers/staging/qcacld-3.0/components/ipa/dispatcher/src/wlan_ipa_obj_mgmt_api.o
  CC      drivers/staging/qcacld-3.0/components/ipa/dispatcher/src/wlan_ipa_tgt_api.o
  CC      drivers/staging/qcacld-3.0/components/ipa/core/src/wlan_ipa_main.o
  CC      drivers/staging/qcacld-3.0/components/ipa/core/src/wlan_ipa_core.o
  CC      drivers/staging/qcacld-3.0/components/ipa/core/src/wlan_ipa_stats.o
  CC      drivers/staging/qcacld-3.0/components/ipa/core/src/wlan_ipa_rm.o
  CC      drivers/staging/qcacld-3.0/../qca-wifi-host-cmn/utils/pktlog/pktlog_ac.o
  CC      drivers/staging/qcacld-3.0/../qca-wifi-host-cmn/utils/pktlog/pktlog_internal.o
  CC      drivers/staging/qcacld-3.0/../qca-wifi-host-cmn/utils/pktlog/linux_ac.o
  CC      drivers/staging/qcacld-3.0/../qca-wifi-host-cmn/utils/host_diag_log/src/host_diag_log.o
  CC      drivers/staging/qcacld-3.0/components/disa/core/src/wlan_disa_main.o
  CC      drivers/staging/qcacld-3.0/components/disa/dispatcher/src/wlan_disa_obj_mgmt_api.o
  CC      drivers/staging/qcacld-3.0/components/disa/dispatcher/src/wlan_disa_tgt_api.o
  CC      drivers/staging/qcacld-3.0/components/disa/dispatcher/src/wlan_disa_ucfg_api.o
  CC      drivers/staging/qcacld-3.0/components/action_oui/core/src/wlan_action_oui_main.o
  CC      drivers/staging/qcacld-3.0/components/action_oui/core/src/wlan_action_oui_parse.o
  CC      drivers/staging/qcacld-3.0/components/action_oui/dispatcher/src/wlan_action_oui_tgt_api.o
  CC      drivers/staging/qcacld-3.0/components/action_oui/dispatcher/src/wlan_action_oui_ucfg_api.o
  CC      drivers/staging/qcacld-3.0/../qca-wifi-host-cmn/umac/global_umac_dispatcher/lmac_if/src/wlan_lmac_if.o
  CC      drivers/staging/qcacld-3.0/../qca-wifi-host-cmn/umac/scan/core/src/wlan_scan_cache_db.o
  CC      drivers/staging/qcacld-3.0/../qca-wifi-host-cmn/umac/scan/core/src/wlan_scan_11d.o
  CC      drivers/staging/qcacld-3.0/../qca-wifi-host-cmn/umac/scan/core/src/wlan_scan_bss_score.o
  CC      drivers/staging/qcacld-3.0/../qca-wifi-host-cmn/umac/scan/core/src/wlan_scan_filter.o
  CC      drivers/staging/qcacld-3.0/../qca-wifi-host-cmn/umac/scan/core/src/wlan_scan_main.o
  CC      drivers/staging/qcacld-3.0/../qca-wifi-host-cmn/umac/scan/core/src/wlan_scan_manager.o
  CC      drivers/staging/qcacld-3.0/../qca-wifi-host-cmn/umac/scan/dispatcher/src/wlan_scan_tgt_api.o
  CC      drivers/staging/qcacld-3.0/../qca-wifi-host-cmn/umac/scan/dispatcher/src/wlan_scan_ucfg_api.o
  CC      drivers/staging/qcacld-3.0/../qca-wifi-host-cmn/umac/scan/dispatcher/src/wlan_scan_utils_api.o
  CC      drivers/staging/qcacld-3.0/../qca-wifi-host-cmn/os_if/linux/scan/src/wlan_cfg80211_scan.o
  CC      drivers/staging/qcacld-3.0/../qca-wifi-host-cmn/os_if/linux/wlan_cfg80211.o
  CC      drivers/staging/qcacld-3.0/../qca-wifi-host-cmn/target_if/scan/src/target_if_scan.o
  CC      drivers/staging/qcacld-3.0/../qca-wifi-host-cmn/umac/cmn_services/utils/src/wlan_utility.o
  CC      drivers/staging/qcacld-3.0/../qca-wifi-host-cmn/wlan_cfg/wlan_cfg.o
  CC      drivers/staging/qcacld-3.0/../qca-wifi-host-cmn/spectral/core/spectral_offload.o
  CC      drivers/staging/qcacld-3.0/../qca-wifi-host-cmn/spectral/core/spectral_common.o
  CC      drivers/staging/qcacld-3.0/../qca-wifi-host-cmn/spectral/dispatcher/src/wlan_spectral_ucfg_api.o
  CC      drivers/staging/qcacld-3.0/../qca-wifi-host-cmn/spectral/dispatcher/src/wlan_spectral_utils_api.o
  CC      drivers/staging/qcacld-3.0/../qca-wifi-host-cmn/spectral/dispatcher/src/wlan_spectral_tgt_api.o
  CC      drivers/staging/qcacld-3.0/../qca-wifi-host-cmn/os_if/linux/spectral/src/wlan_cfg80211_spectral.o
  CC      drivers/staging/qcacld-3.0/../qca-wifi-host-cmn/os_if/linux/spectral/src/os_if_spectral_netlink.o
  CC      drivers/staging/qcacld-3.0/../qca-wifi-host-cmn/target_if/spectral/target_if_spectral_netlink.o
  CC      drivers/staging/qcacld-3.0/../qca-wifi-host-cmn/target_if/spectral/target_if_spectral_phyerr.o
  CC      drivers/staging/qcacld-3.0/../qca-wifi-host-cmn/target_if/spectral/target_if_spectral.o
  CC      drivers/staging/qcacld-3.0/../qca-wifi-host-cmn/target_if/spectral/target_if_spectral_sim.o
  CC      drivers/staging/qcacld-3.0/../qca-wifi-host-cmn/umac/green_ap/core/src/wlan_green_ap_main.o
  CC      drivers/staging/qcacld-3.0/../qca-wifi-host-cmn/umac/green_ap/dispatcher/src/wlan_green_ap_api.o
  CC      drivers/staging/qcacld-3.0/../qca-wifi-host-cmn/umac/green_ap/dispatcher/src/wlan_green_ap_ucfg_api.o
  CC      drivers/staging/qcacld-3.0/../qca-wifi-host-cmn/target_if/green_ap/src/target_if_green_ap.o
  LD      drivers/staging/qcacld-3.0/wlan.o
  LD      drivers/staging/qcacld-3.0/built-in.o
  LD      drivers/staging/built-in.o
  LD      drivers/built-in.o
WARNING: drivers/built-in.o(___ksymtab+qpnp_regulator_init+0x0): Section mismatch in reference from the variable __ksymtab_qpnp_regulator_init to the function .init.text:qpnp_regulator_init()
The symbol qpnp_regulator_init is exported and annotated __init 
Fix this by removing the __init annotation of qpnp_regulator_init or drop the export.

WARNING: drivers/built-in.o(___ksymtab+regulator_stub_init+0x0): Section mismatch in reference from the variable __ksymtab_regulator_stub_init to the function .init.text:regulator_stub_init()
The symbol regulator_stub_init is exported and annotated __init 
Fix this by removing the __init annotation of regulator_stub_init or drop the export.

  GEN     .version
  LD      vmlinux.o
  MODPOST vmlinux.o
WARNING: vmlinux.o(___ksymtab+qpnp_regulator_init+0x0): Section mismatch in reference from the variable __ksymtab_qpnp_regulator_init to the function .init.text:qpnp_regulator_init()
The symbol qpnp_regulator_init is exported and annotated __init 
Fix this by removing the __init annotation of qpnp_regulator_init or drop the export.

WARNING: vmlinux.o(___ksymtab+regulator_stub_init+0x0): Section mismatch in reference from the variable __ksymtab_regulator_stub_init to the function .init.text:regulator_stub_init()
The symbol regulator_stub_init is exported and annotated __init 
Fix this by removing the __init annotation of regulator_stub_init or drop the export.

  CHK     include/generated/compile.h
  UPD     include/generated/compile.h
  CC      init/version.o
  LD      init/built-in.o
/workspaces/proton-clang/bin/aarch64-linux-gnu-ld: warning: -z norelro ignored
  KSYM    .tmp_kallsyms1.o
/workspaces/proton-clang/bin/aarch64-linux-gnu-ld: warning: -z norelro ignored
  KSYM    .tmp_kallsyms2.o
  LD      vmlinux
/workspaces/proton-clang/bin/aarch64-linux-gnu-ld: warning: -z norelro ignored
  SORTEX  vmlinux
  SYSMAP  System.map
  OBJCOPY arch/arm64/boot/Image
  Building modules, stage 2.
  DTC     arch/arm64/boot/dts/qcom/sdm845-qrd.dtb
  DTC     arch/arm64/boot/dts/qcom/sdm845-v2-qrd.dtb
  MODPOST 2 modules
  DTC     arch/arm64/boot/dts/qcom/sdm845-cdp.dtb
  CC      net/ipv4/tcp_bic.mod.o
  CC      net/ipv4/tcp_htcp.mod.o
  LD [M]  net/ipv4/tcp_bic.ko
  LD [M]  net/ipv4/tcp_htcp.ko
  DTC     arch/arm64/boot/dts/qcom/beryllium-p0-v2.1.dtb
  DTC     arch/arm64/boot/dts/qcom/sdm845-v2-cdp.dtb
  DTC     arch/arm64/boot/dts/qcom/sdm845-v2-rumi.dtb
  DTC     arch/arm64/boot/dts/qcom/sdm845-4k-panel-qrd.dtb
  DTC     arch/arm64/boot/dts/qcom/beryllium-p0-v2.dtb
  DTC     arch/arm64/boot/dts/qcom/beryllium-mp-v2.1.dtb
  DTC     arch/arm64/boot/dts/qcom/sdm845-4k-panel-cdp.dtb
  DTC     arch/arm64/boot/dts/qcom/sdm845-v2-mtp.dtb
  DTC     arch/arm64/boot/dts/qcom/beryllium-p1-v2.1.dtb
  DTC     arch/arm64/boot/dts/qcom/sdm845-mtp.dtb
  DTC     arch/arm64/boot/dts/qcom/sdm845-4k-panel-mtp.dtb
  DTC     arch/arm64/boot/dts/qcom/sdm845-sim.dtb
  DTC     arch/arm64/boot/dts/qcom/sdm845-rumi.dtb
  DTC     arch/arm64/boot/dts/qcom/beryllium-p2-v2.1.dtb
  GZIP    arch/arm64/boot/Image.gz
  CAT     arch/arm64/boot/Image.gz-dtb
make[1]: Leaving directory '/workspaces/KaiKernel_sdm_845/out'
make[1]: Entering directory '/workspaces/KaiKernel_sdm_845/out'
  GEN     ./Makefile
scripts/kconfig/conf  --silentoldconfig Kconfig
  CHK     include/config/kernel.release
  GEN     ./Makefile
  CHK     include/generated/uapi/linux/version.h
  CHK     include/generated/utsrelease.h
  Using .. as source for kernel
  CHK     scripts/mod/devicetable-offsets.h
  CHK     include/generated/timeconst.h
-- KernelSU version: 11872
  CHK     include/generated/bounds.h
-- KernelSU Manager signature size: 0x033b
-- KernelSU Manager signature hash: c371061b19d8c7d7d6133c6a9bafe198fa944e50c1b31c9d8daa8d7f1fc2d2d6
-- Did you know you can backport path_umount to fs/namespace.c from 5.9?
-- Read: https://kernelsu.org/guide/how-to-integrate-for-non-gki.html#how-to-backport-path-umount
  CHK     include/generated/asm-offsets.h
  CALL    ../scripts/checksyscalls.sh
  CHK     include/generated/compile.h
  CHK     kernel/config_data.h
  IHEX    firmware/novatek_nt36672_e10_hw01.fw
  IHEX    firmware/novatek_nt36672_e10_hw02.fw
  AS      firmware/novatek_nt36672_e10_hw01.fw.gen.o
  AS      firmware/novatek_nt36672_e10_hw02.fw.gen.o
  LD      firmware/built-in.o
  CC      drivers/clk/qcom/gpucc-sdm845.o
  LD      drivers/clk/qcom/built-in.o
  LD      drivers/clk/built-in.o
-- KernelSU version: 11872
-- KernelSU Manager signature size: 0x033b
-- KernelSU Manager signature hash: c371061b19d8c7d7d6133c6a9bafe198fa944e50c1b31c9d8daa8d7f1fc2d2d6
-- Did you know you can backport path_umount to fs/namespace.c from 5.9?
-- Read: https://kernelsu.org/guide/how-to-integrate-for-non-gki.html#how-to-backport-path-umount
  DTC     arch/arm64/boot/dts/qcom/sdm845-v2-rumi.dtb
  DTC     arch/arm64/boot/dts/qcom/sdm845-v2-mtp.dtb
  DTC     arch/arm64/boot/dts/qcom/sdm845-v2-cdp.dtb
  DTC     arch/arm64/boot/dts/qcom/sdm845-v2-qrd.dtb
  DTC     arch/arm64/boot/dts/qcom/beryllium-p0-v2.dtb
  DTC     arch/arm64/boot/dts/qcom/beryllium-p0-v2.1.dtb
  DTC     arch/arm64/boot/dts/qcom/beryllium-p1-v2.1.dtb
  DTC     arch/arm64/boot/dts/qcom/beryllium-p2-v2.1.dtb
  DTC     arch/arm64/boot/dts/qcom/beryllium-mp-v2.1.dtb
  LD      drivers/built-in.o
WARNING: drivers/built-in.o(___ksymtab+qpnp_regulator_init+0x0): Section mismatch in reference from the variable __ksymtab_qpnp_regulator_init to the function .init.text:qpnp_regulator_init()
The symbol qpnp_regulator_init is exported and annotated __init 
Fix this by removing the __init annotation of qpnp_regulator_init or drop the export.

WARNING: drivers/built-in.o(___ksymtab+regulator_stub_init+0x0): Section mismatch in reference from the variable __ksymtab_regulator_stub_init to the function .init.text:regulator_stub_init()
The symbol regulator_stub_init is exported and annotated __init 
Fix this by removing the __init annotation of regulator_stub_init or drop the export.

  GEN     .version
  LD      vmlinux.o
  MODPOST vmlinux.o
WARNING: vmlinux.o(___ksymtab+qpnp_regulator_init+0x0): Section mismatch in reference from the variable __ksymtab_qpnp_regulator_init to the function .init.text:qpnp_regulator_init()
The symbol qpnp_regulator_init is exported and annotated __init 
Fix this by removing the __init annotation of qpnp_regulator_init or drop the export.

WARNING: vmlinux.o(___ksymtab+regulator_stub_init+0x0): Section mismatch in reference from the variable __ksymtab_regulator_stub_init to the function .init.text:regulator_stub_init()
The symbol regulator_stub_init is exported and annotated __init 
Fix this by removing the __init annotation of regulator_stub_init or drop the export.

  CHK     include/generated/compile.h
  UPD     include/generated/compile.h
  CC      init/version.o
  LD      init/built-in.o
/workspaces/proton-clang/bin/aarch64-linux-gnu-ld: warning: -z norelro ignored
  KSYM    .tmp_kallsyms1.o
/workspaces/proton-clang/bin/aarch64-linux-gnu-ld: warning: -z norelro ignored
  KSYM    .tmp_kallsyms2.o
  LD      vmlinux
/workspaces/proton-clang/bin/aarch64-linux-gnu-ld: warning: -z norelro ignored
  SORTEX  vmlinux
  SYSMAP  System.map
  OBJCOPY arch/arm64/boot/Image
  Building modules, stage 2.
  DTC     arch/arm64/boot/dts/qcom/sdm845-qrd.dtb
  DTC     arch/arm64/boot/dts/qcom/sdm845-v2-qrd.dtb
  MODPOST 2 modules
  DTC     arch/arm64/boot/dts/qcom/sdm845-cdp.dtb
  DTC     arch/arm64/boot/dts/qcom/beryllium-p0-v2.1.dtb
  DTC     arch/arm64/boot/dts/qcom/sdm845-v2-cdp.dtb
  DTC     arch/arm64/boot/dts/qcom/sdm845-v2-rumi.dtb
  DTC     arch/arm64/boot/dts/qcom/sdm845-4k-panel-qrd.dtb
  DTC     arch/arm64/boot/dts/qcom/beryllium-p0-v2.dtb
  DTC     arch/arm64/boot/dts/qcom/beryllium-mp-v2.1.dtb
  DTC     arch/arm64/boot/dts/qcom/sdm845-4k-panel-cdp.dtb
  DTC     arch/arm64/boot/dts/qcom/sdm845-v2-mtp.dtb
  DTC     arch/arm64/boot/dts/qcom/beryllium-p1-v2.1.dtb
  DTC     arch/arm64/boot/dts/qcom/sdm845-mtp.dtb
  DTC     arch/arm64/boot/dts/qcom/sdm845-4k-panel-mtp.dtb
  DTC     arch/arm64/boot/dts/qcom/sdm845-sim.dtb
  DTC     arch/arm64/boot/dts/qcom/sdm845-rumi.dtb
  DTC     arch/arm64/boot/dts/qcom/beryllium-p2-v2.1.dtb
  GZIP    arch/arm64/boot/Image.gz
  CAT     arch/arm64/boot/Image.gz-dtb
make[1]: Leaving directory '/workspaces/KaiKernel_sdm_845/out'
